******************************************************************************
                  TI ARM Linker PC v18.1.2                     
******************************************************************************
>> Linked Thu Nov 22 15:01:13 2018

OUTPUT FILE NAME:   <collector_cc1310lp.out>
ENTRY POINT SYMBOL: "ResetISR"  address: 00015051


MEMORY CONFIGURATION

         name            origin    length      used     unused   attr    fill
----------------------  --------  ---------  --------  --------  ----  --------
  FLASH                 00000000   0001e000  000196cc  00004934  R  X
  FLASH_NV              0001e000   00001000  00001000  00000000  RW X
  FLASH_LAST            0001f000   00001000  00000b34  000004cc  R  X
  SRAM                  20000000   00005000  00003bd4  0000142c  RW X


SEGMENT ALLOCATION MAP

run origin  load origin   length   init length attrs members
----------  ----------- ---------- ----------- ----- -------
00000000    00000000    00000c94   00000c94    r--
  00000000    00000000    0000003c   0000003c    r-- .resetVecs
  0000003c    0000003c    00000c58   00000c58    r-- .const
00001000    00001000    00018a48   00018a48    r-x
  00001000    00001000    0000003c   0000003c    r-- .const:ti_sysbios_knl_Task_Object__PARAMS__C
  0000103c    0000103c    00000034   00000034    r-- .const:ti_sysbios_knl_Mailbox_Object__PARAMS__C
  00001070    00001070    00000030   00000030    r-- .const:ti_sysbios_family_arm_m3_Hwi_Object__PARAMS__C
  000010a0    000010a0    0000002c   0000002c    r-- .const:ti_sysbios_hal_Hwi_Object__PARAMS__C
  000010cc    000010cc    00000028   00000028    r-- .const:ti_sysbios_heaps_HeapMem_Module__FXNS__C
  000010f4    000010f4    00000028   00000028    r-- .const:ti_sysbios_knl_Swi_Object__PARAMS__C
  0000111c    0000111c    00000024   00000024    r-- .const:ti_sysbios_gates_GateHwi_Module__FXNS__C
  00001140    00001140    00000024   00000024    r-- .const:ti_sysbios_gates_GateMutex_Module__FXNS__C
  00001164    00001164    00000024   00000024    r-- .const:ti_sysbios_heaps_HeapMem_Object__PARAMS__C
  00001188    00001188    00000024   00000024    r-- .const:ti_sysbios_knl_Clock_Object__PARAMS__C
  000011ac    000011ac    00000024   00000024    r-- .const:ti_sysbios_knl_Semaphore_Object__PARAMS__C
  000011d0    000011d0    00000020   00000020    r-- .const:ti_sysbios_family_arm_m3_Hwi_Object__DESC__C
  000011f0    000011f0    00000020   00000020    r-- .const:ti_sysbios_gates_GateHwi_Object__DESC__C
  00001210    00001210    00000020   00000020    r-- .const:ti_sysbios_gates_GateMutex_Object__DESC__C
  00001230    00001230    00000020   00000020    r-- .const:ti_sysbios_hal_Hwi_Object__DESC__C
  00001250    00001250    00000020   00000020    r-- .const:ti_sysbios_heaps_HeapMem_Object__DESC__C
  00001270    00001270    00000020   00000020    r-- .const:ti_sysbios_knl_Clock_Object__DESC__C
  00001290    00001290    00000020   00000020    r-- .const:ti_sysbios_knl_Mailbox_Object__DESC__C
  000012b0    000012b0    00000020   00000020    r-- .const:ti_sysbios_knl_Queue_Object__DESC__C
  000012d0    000012d0    00000020   00000020    r-- .const:ti_sysbios_knl_Semaphore_Object__DESC__C
  000012f0    000012f0    00000020   00000020    r-- .const:ti_sysbios_knl_Swi_Object__DESC__C
  00001310    00001310    00000020   00000020    r-- .const:ti_sysbios_knl_Task_Object__DESC__C
  00001330    00001330    00000018   00000018    r-- .const:ti_sysbios_gates_GateHwi_Object__PARAMS__C
  00001348    00001348    00000018   00000018    r-- .const:ti_sysbios_gates_GateMutex_Object__PARAMS__C
  00001360    00001360    00000018   00000018    r-- .const:ti_sysbios_knl_Queue_Object__PARAMS__C
  00001378    00001378    00000008   00000008    r-- .const:ti_sysbios_knl_Idle_funcList__C
  00001384    00001384    00000004   00000004    r-- .const:ti_sysbios_family_arm_cc26xx_Timer_startupNeeded__C
  00001388    00001388    00000004   00000004    r-- .const:ti_sysbios_family_arm_m3_Hwi_E_alreadyDefined__C
  0000138c    0000138c    00000004   00000004    r-- .const:ti_sysbios_family_arm_m3_Hwi_E_hwiLimitExceeded__C
  00001390    00001390    00000004   00000004    r-- .const:ti_sysbios_family_arm_m3_Hwi_NUM_INTERRUPTS__C
  00001394    00001394    00000004   00000004    r-- .const:ti_sysbios_family_arm_m3_Hwi_Object__count__C
  00001398    00001398    00000004   00000004    r-- .const:ti_sysbios_family_arm_m3_Hwi_Object__table__C
  0000139c    0000139c    00000004   00000004    r-- .const:ti_sysbios_family_arm_m3_Hwi_ccr__C
  000013a0    000013a0    00000004   00000004    r-- .const:ti_sysbios_family_arm_m3_Hwi_excHandlerFunc__C
  000013a4    000013a4    00000004   00000004    r-- .const:ti_sysbios_family_arm_m3_Hwi_nullIsrFunc__C
  000013a8    000013a8    00000004   00000004    r-- .const:ti_sysbios_family_arm_m3_Hwi_numSparseInterrupts__C
  000013ac    000013ac    00000004   00000004    r-- .const:ti_sysbios_family_arm_m3_Hwi_priGroup__C
  000013b0    000013b0    00000004   00000004    r-- .const:ti_sysbios_family_arm_m3_TaskSupport_stackAlignment__C
  000013b4    000013b4    00000004   00000004    r-- .const:ti_sysbios_heaps_HeapMem_E_memory__C
  000013b8    000013b8    00000004   00000004    r-- .const:ti_sysbios_heaps_HeapMem_Module__gateObj__C
  000013bc    000013bc    00000004   00000004    r-- .const:ti_sysbios_heaps_HeapMem_Object__count__C
  000013c0    000013c0    00000004   00000004    r-- .const:ti_sysbios_heaps_HeapMem_Object__table__C
  000013c4    000013c4    00000004   00000004    r-- .const:ti_sysbios_heaps_HeapMem_reqAlign__C
  000013c8    000013c8    00000004   00000004    r-- .const:ti_sysbios_knl_Clock_serviceMargin__C
  000013cc    000013cc    00000004   00000004    r-- .const:ti_sysbios_knl_Mailbox_Object__count__C
  000013d0    000013d0    00000004   00000004    r-- .const:ti_sysbios_knl_Mailbox_Object__table__C
  000013d4    000013d4    00000004   00000004    r-- .const:ti_sysbios_knl_Mailbox_maxTypeAlign__C
  000013d8    000013d8    00000004   00000004    r-- .const:ti_sysbios_knl_Queue_Object__count__C
  000013dc    000013dc    00000004   00000004    r-- .const:ti_sysbios_knl_Queue_Object__table__C
  000013e0    000013e0    00000004   00000004    r-- .const:ti_sysbios_knl_Swi_Object__count__C
  000013e4    000013e4    00000004   00000004    r-- .const:ti_sysbios_knl_Swi_Object__table__C
  000013e8    000013e8    00000004   00000004    r-- .const:ti_sysbios_knl_Swi_numPriorities__C
  000013ec    000013ec    00000004   00000004    r-- .const:ti_sysbios_knl_Task_Object__count__C
  000013f0    000013f0    00000004   00000004    r-- .const:ti_sysbios_knl_Task_Object__table__C
  000013f4    000013f4    00000004   00000004    r-- .const:ti_sysbios_knl_Task_allBlockedFunc__C
  000013f8    000013f8    00000004   00000004    r-- .const:ti_sysbios_knl_Task_defaultStackHeap__C
  000013fc    000013fc    00000004   00000004    r-- .const:ti_sysbios_knl_Task_defaultStackSize__C
  00001400    00001400    00000004   00000004    r-- .const:ti_sysbios_knl_Task_numConstructedTasks__C
  00001406    00001406    00000002   00000002    r-- .const:ti_sysbios_family_arm_cc26xx_Timer_Module__id__C
  00001408    00001408    00000002   00000002    r-- .const:ti_sysbios_family_arm_cc26xx_TimestampProvider_useClockTimer__C
  0000140a    0000140a    00000002   00000002    r-- .const:ti_sysbios_family_arm_m3_Hwi_Module__id__C
  0000140c    0000140c    00000002   00000002    r-- .const:ti_sysbios_gates_GateHwi_Module__id__C
  0000140e    0000140e    00000002   00000002    r-- .const:ti_sysbios_gates_GateMutex_Module__id__C
  00001410    00001410    00000002   00000002    r-- .const:ti_sysbios_heaps_HeapMem_Module__id__C
  00001412    00001412    00000002   00000002    r-- .const:ti_sysbios_knl_Task_initStackFlag__C
  00001414    00001414    00000001   00000001    r-- .const:ti_sysbios_knl_Clock_tickMode__C
  00001418    00001418    00000008   00000008    r-- .const:xdc_runtime_Startup_firstFxns__C
  00001420    00001420    00000008   00000008    r-- .const:xdc_runtime_Startup_lastFxns__C
  00001428    00001428    00000004   00000004    r-- .const:xdc_runtime_Assert_E_assertFailed__C
  0000142c    0000142c    00000004   00000004    r-- .const:xdc_runtime_Error_E_memory__C
  00001430    00001430    00000004   00000004    r-- .const:xdc_runtime_Error_policyFxn__C
  00001434    00001434    00000004   00000004    r-- .const:xdc_runtime_IGateProvider_Interface__BASE__C
  00001438    00001438    00000004   00000004    r-- .const:xdc_runtime_IHeap_Interface__BASE__C
  0000143c    0000143c    00000004   00000004    r-- .const:xdc_runtime_IModule_Interface__BASE__C
  00001440    00001440    00000004   00000004    r-- .const:xdc_runtime_Main_Module__diagsEnabled__C
  00001444    00001444    00000004   00000004    r-- .const:xdc_runtime_Main_Module__diagsIncluded__C
  00001448    00001448    00000004   00000004    r-- .const:xdc_runtime_Main_Module__diagsMask__C
  0000144c    0000144c    00000004   00000004    r-- .const:xdc_runtime_Memory_defaultHeapInstance__C
  00001450    00001450    00000004   00000004    r-- .const:xdc_runtime_Startup_execImpl__C
  00001454    00001454    00000004   00000004    r-- .const:xdc_runtime_Startup_maxPasses__C
  00001458    00001458    00000004   00000004    r-- .const:xdc_runtime_Startup_sfxnRts__C
  0000145c    0000145c    00000004   00000004    r-- .const:xdc_runtime_Startup_sfxnTab__C
  00001460    00001460    00000004   00000004    r-- .const:xdc_runtime_Startup_startModsFxn__C
  00001464    00001464    00000004   00000004    r-- .const:xdc_runtime_SysCallback_abortFxn__C
  00001468    00001468    00000004   00000004    r-- .const:xdc_runtime_SysCallback_exitFxn__C
  0000146c    0000146c    00000004   00000004    r-- .const:xdc_runtime_System_abortFxn__C
  00001470    00001470    00000004   00000004    r-- .const:xdc_runtime_System_exitFxn__C
  00001474    00001474    00000004   00000004    r-- .const:xdc_runtime_System_maxAtexitHandlers__C
  00001478    00001478    00000004   00000004    r-- .const:xdc_runtime_Text_charTab__C
  0000147c    0000147c    00000004   00000004    r-- .const:xdc_runtime_Text_nameEmpty__C
  00001480    00001480    00000004   00000004    r-- .const:xdc_runtime_Text_nameStatic__C
  00001484    00001484    00000004   00000004    r-- .const:xdc_runtime_Text_nameUnknown__C
  00001488    00001488    00000002   00000002    r-- .const:xdc_runtime_Main_Module__id__C
  0000148a    0000148a    00000002   00000002    r-- .const:xdc_runtime_Memory_Module__id__C
  0000148c    0000148c    00000002   00000002    r-- .const:xdc_runtime_Text_charCnt__C
  0000148e    0000148e    00000002   00000002    r-- .const:xdc_runtime_Text_isLoaded__C
  00001490    00001490    00000001   00000001    r-- .const:xdc_runtime_Error_policy__C
  00001494    00001494    00000004   00000004    r-- .const:ti_sysbios_rom_ROM_AONRTCChannelEnable
  00001498    00001498    00000004   00000004    r-- .const:ti_sysbios_rom_ROM_AONRTCCompareValueSet
  0000149c    0000149c    00000004   00000004    r-- .const:ti_sysbios_rom_ROM_AONRTCCurrentCompareValueGet
  000014a0    000014a0    00000004   00000004    r-- .const:ti_sysbios_rom_ROM_AONRTCEventClear
  000014a4    000014a4    00000004   00000004    r-- .const:ti_sysbios_rom_ROM_ti_sysbios_family_arm_cc26xx_Timer_getCount64__E
  000014a8    000014a8    00000004   00000004    r-- .const:ti_sysbios_rom_ROM_ti_sysbios_family_arm_cc26xx_Timer_getCurrentTick__E
  000014ac    000014ac    00000004   00000004    r-- .const:ti_sysbios_rom_ROM_ti_sysbios_family_arm_cc26xx_Timer_getMaxTicks__E
  000014b0    000014b0    00000004   00000004    r-- .const:ti_sysbios_rom_ROM_ti_sysbios_family_arm_cc26xx_Timer_initDevice__I
  000014b4    000014b4    00000004   00000004    r-- .const:ti_sysbios_rom_ROM_ti_sysbios_family_arm_cc26xx_Timer_setNextTick__E
  000014b8    000014b8    00000004   00000004    r-- .const:ti_sysbios_rom_ROM_ti_sysbios_family_arm_cc26xx_Timer_setThreshold__I
  000014bc    000014bc    00000004   00000004    r-- .const:ti_sysbios_rom_ROM_ti_sysbios_family_arm_cc26xx_Timer_start__E
  000014c0    000014c0    00000004   00000004    r-- .const:ti_sysbios_rom_ROM_ti_sysbios_family_arm_cc26xx_TimestampProvider_get32__E
  000014c4    000014c4    00000004   00000004    r-- .const:ti_sysbios_rom_ROM_xdc_runtime_Startup_getState__I
  000014c8    000014c8    00000004   00000004    r-- .const:ti_sysbios_rom_ROM_xdc_runtime_System_SupportProxy_abort__E
  000014cc    000014cc    00000004   00000004    r-- .const:ti_sysbios_rom_ROM_xdc_runtime_System_SupportProxy_exit__E
  000014d0    000014d0    00000004   00000004    r-- .const:ti_sysbios_gates_GateMutex_Instance_State_sem__O
  000014d4    000014d4    00000004   00000004    r-- .const:ti_sysbios_knl_Clock_Module_State_clockQ__O
  000014d8    000014d8    00000004   00000004    r-- .const:ti_sysbios_knl_Mailbox_Instance_State_dataQue__O
  000014dc    000014dc    00000004   00000004    r-- .const:ti_sysbios_knl_Mailbox_Instance_State_dataSem__O
  000014e0    000014e0    00000004   00000004    r-- .const:ti_sysbios_knl_Mailbox_Instance_State_freeQue__O
  000014e4    000014e4    00000004   00000004    r-- .const:ti_sysbios_knl_Mailbox_Instance_State_freeSem__O
  000014e8    000014e8    00000004   00000004    r-- .const:ti_sysbios_knl_Semaphore_Instance_State_pendQ__O
  000014ec    000014ec    00000004   00000004    r-- .const:ti_sysbios_knl_Task_Module_State_inactiveQ__O
  000014f0    000014f0    000174c8   000174c8    r-x .text
  000189b8    000189b8    00000b8c   00000b8c    r-- config_const
  00019548    00019548    00000500   00000500    r-- .cinit
0001e000    0001e000    00001adc   00001adc    r-x
  0001e000    0001e000    00001000   00001000    r-- .TI.bound:NV_FLASH
  0001f000    0001f000    00000adc   00000adc    r-x flash_last_text
0001ffa8    0001ffa8    00000058   00000058    r--
  0001ffa8    0001ffa8    00000058   00000058    r-- .ccfg
20000100    20000100    00003610   00000000    rw-
  20000100    20000100    00000044   00000000    rw- .data:ti_sysbios_knl_Task_Module__state__V
  20000144    20000144    00000034   00000000    rw- .data:ti_sysbios_family_arm_m3_Hwi_Module__state__V
  20000178    20000178    0000002c   00000000    rw- .data:ti_sysbios_knl_Clock_Module__state__V
  200001a4    200001a4    00000024   00000000    rw- .data:ti_sysbios_BIOS_Module__state__V
  200001c8    200001c8    0000001c   00000000    rw- .data:ti_sysbios_knl_Swi_Module__state__V
  200001e4    200001e4    00000008   00000000    rw- .data:ti_sysbios_family_arm_cc26xx_Timer_Module__state__V
  200001ec    200001ec    00000004   00000000    rw- .data:ti_sysbios_family_arm_cc26xx_TimestampProvider_Module__state__V
  200001f0    200001f0    00000008   00000000    rw- .data:xdc_runtime_Startup_Module__state__V
  200001f8    200001f8    00000008   00000000    rw- .data:xdc_runtime_System_Module__state__V
  20000200    20000200    00000004   00000000    rw- .data:xdc_runtime_Memory_Module__state__V
  20000208    20000208    000024be   00000000    rw- .data
  200026c8    200026c8    00001048   00000000    rw- .bss
20004b00    20004b00    00000500   00000000    rw-
  20004b00    20004b00    00000500   00000000    rw- .stack


SECTION ALLOCATION MAP

 output                                  attributes/
section   page    origin      length       input sections
--------  ----  ----------  ----------   ----------------
.const     0    0000003c    00000c58     
                  0000003c    0000045c     hmac_global.obj (.const:$O12$$)
                  00000498    000001c0     fh_global.obj (.const:$O9$$)
                  00000658    000000fa     fh_global.obj (.const:FH_stateMatrix)
                  00000752    00000002     cllc.obj (.const:keyUsageList$34)
                  00000754    000000cc     icall.obj (.const:$O2$$)
                  00000820    000000c8     cllc.obj (.const:$O25$$)
                  000008e8    0000006e     hmac_global.obj (.const:macIdleSt)
                  00000956    00000002     app_pem3.oem3 (.const:xdc_runtime_Text_registryModsLastId__C)
                  00000958    00000054     CC13X0_LAUNCHXL.obj (.const:$O4$$)
                  000009ac    0000004c     drivers_cc13x0.aem3 : PowerCC26XX.oem3 (.const:resourceDB)
                  000009f8    00000048     app_pem3.oem3 (.const:.string)
                  00000a40    00000044     drivers_cc13x0.aem3 : UARTCC26XX.oem3 (.const:$O1$$)
                  00000a84    00000040                         : GPIOCC26XX.oem3 (.const:$O2$$)
                  00000ac4    00000028                         : UARTCC26XX.oem3 (.const:UARTCC26XX_fxnTable)
                  00000aec    00000028     CC13X0_LAUNCHXL.obj (.const:uartCC26XXHWAttrs)
                  00000b14    00000024     drivers_cc13x0.aem3 : UART.oem3 (.const:UART_defaultParams)
                  00000b38    00000024     app_pem3.oem3 (.const:xdc_runtime_Startup_sfxnTab__A)
                  00000b5c    00000020     cllc.obj (.const:keyDeviceList$34)
                  00000b7c    0000001c     rf_multiMode_cc13x0.aem3 : RFCC26XX_multiMode.oem3 (.const:RF_defaultParams)
                  00000b98    00000018     CC13X0_LAUNCHXL.obj (.const:PowerCC26XX_config)
                  00000bb0    00000018     driverlib.lib : rfc.obj (.const:rfc_defaultIrqAddr$107)
                  00000bc8    00000014     CC13X0_LAUNCHXL.obj (.const:GPIOCC26XX_config)
                  00000bdc    00000013     macstack.obj (.const:.string:msacbackSizeTable)
                  00000bef    00000001     app_pem3.oem3 (.const:xdc_runtime_Text_charTab__A)
                  00000bf0    00000012     app_pem3.oem3 (.const:xdc_runtime_Startup_sfxnRts__A)
                  00000c02    00000002     app_pem3.oem3 (.const:xdc_runtime_Text_unnamedModsLastId__C)
                  00000c04    00000010     CC13X0_LAUNCHXL.obj (.const:cryptoCC26XXHWAttrs)
                  00000c14    0000000c     CC13X0_LAUNCHXL.obj (.const:UART_config)
                  00000c20    0000000c     app_pem3.oem3 (.const:xdc_runtime_Startup_firstFxns__A)
                  00000c2c    0000000a     CC13X0_LAUNCHXL.obj (.const)
                  00000c36    00000002     --HOLE-- [fill = 0]
                  00000c38    00000008     maclib_secure.a : mac_rx.obj (.const:$O35$$)
                  00000c40    00000008     main.obj (.const:.string:dummyExtAddr$38)
                  00000c48    00000008     CC13X0_LAUNCHXL.obj (.const:CryptoCC26XX_config)
                  00000c50    00000008     CC13X0_LAUNCHXL.obj (.const:PINCC26XX_hwAttrs)
                  00000c58    00000008     app_pem3.oem3 (.const:ti_sysbios_knl_Idle_funcList__A)
                  00000c60    00000004     icall_cc2650.obj (.const:events$1$1)
                  00000c64    00000004     osaltasks.obj (.const:tasksArr)
                  00000c68    00000004     app_pem3.oem3 (.const:ti_sysbios_family_arm_cc26xx_Timer_funcHookCH1__C)
                  00000c6c    00000004     app_pem3.oem3 (.const:ti_sysbios_family_arm_cc26xx_Timer_funcHookCH2__C)
                  00000c70    00000004     app_pem3.oem3 (.const:ti_sysbios_family_arm_m3_Hwi_swiDisable__C)
                  00000c74    00000004     app_pem3.oem3 (.const:ti_sysbios_family_arm_m3_Hwi_swiRestoreHwi__C)
                  00000c78    00000004     app_pem3.oem3 (.const:ti_sysbios_knl_Clock_tickPeriod__C)
                  00000c7c    00000004     app_pem3.oem3 (.const:ti_sysbios_knl_Clock_triggerClock__C)
                  00000c80    00000004     app_pem3.oem3 (.const:xdc_runtime_SysCallback_flushFxn__C)
                  00000c84    00000004     app_pem3.oem3 (.const:xdc_runtime_SysCallback_putchFxn__C)
                  00000c88    00000004     app_pem3.oem3 (.const:xdc_runtime_SysCallback_readyFxn__C)
                  00000c8c    00000004     app_pem3.oem3 (.const:xdc_runtime_System_extendFxn__C)
                  00000c90    00000004     app_pem3.oem3 (.const:xdc_runtime_Text_visitRopeFxn__C)

.text      0    000014f0    000174c8     
                  000014f0    000009d4     main.obj (.text:taskFxn)
                  00001ec4    00000994     maclib_secure.a : mac.obj (.text:macRxCbSubG$75)
                  00002858    00000650                     : mac_rx.obj (.text:rxPayloadIsr$80)
                  00002ea8    00000494     driverlib.lib : setup.obj (.text:TrimAfterColdResetWakeupFromShutDown$46)
                  0000333c    0000045c     maclib_secure.a : fh_ie.obj (.text:FHIE_parsePie)
                  00003798    00000438     icall_startup.obj (.text:startup_entry)
                  00003bd0    00000394     maclib_secure.a : macwrapper.obj (.text:macWrapperAddDevice)
                  00003f64    0000038c                     : mac_mgmt.obj (.text:macBuildHeader)
                  000042f0    00000388                     : mac_radio.obj (.text:macRadioInitSubG)
                  00004678    00000374     rf_multiMode_cc13x0.aem3 : RFCC26XX_multiMode.oem3 (.text:RF_fsmActiveState)
                  000049ec    00000370     maclib_secure.a : mac_mgmt.obj (.text:MAC_MlmeResetReq)
                  00004d5c    00000366     api_mac.obj (.text:processIncomingICallMsg$32)
                  000050c2    00000002     maclib_secure.a : fh_data.obj (.text:FHDATA_startEDFETimer)
                  000050c4    0000030c     drivers_cc13x0.aem3 : PowerCC26XX_calibrateRCOSC.oem3 (.text:PowerCC26XX_auxISR)
                  000053d0    0000030c     rom_sysbios.aem3 : rom_sysbios.obj (.text:xdc_runtime_System_doPrint__I)
                  000056dc    000002ec     collector.obj (.text:processSensorData$35)
                  000059c8    000002e0     maclib_secure.a : mac_radio_tx.obj (.text:macRadioTxGoSubG$79)
                  00005ca8    000002d8                     : mac_pwr.obj (.text:macPwrVote)
                  00005f80    000002c4                     : fh_api.obj (.text:FHAPI_getTxParams_old)
                  00006244    000002c0                     : fh_ie.obj (.text:FHIE_gen)
                  00006504    000002b8                     : fh_ie.obj (.text:FHIE_genPieContent)
                  000067bc    000002b8     osal.obj (.text:osal_start_system)
                  00006a74    00000280     maclib_secure.a : mac_data.obj (.text:MAC_McpsDataReq)
                  00006cf4    00000278                     : fh_api.obj (.text:FHAPI_start)
                  00006f6c    00000260                     : mac_security_pib.obj (.text:MAC_MlmeSetSecurityReq)
                  000071cc    00000254                     : fh_api.obj (.text:FHAPI_completeRxCb)
                  00007420    0000023c     driverlib.lib : sys_ctrl.obj (.text:NOROM_SysCtrlSetRechargeBeforePowerDown)
                  0000765c    00000224     drivers_cc13x0.aem3 : PowerCC26XX.oem3 (.text:Power_sleep)
                  00007880    00000222     maclib_secure.a : mac_security.obj (.text:macIncomingFrameSecurityMaterialRetrieval)
                  00007aa2    00000002                     : fh_util.obj (.text:FHUTIL_noAction)
                  00007aa4    00000214                     : mac_mgmt.obj (.text:macBuildCommonReq)
                  00007cb8    00000208     drivers_cc13x0.aem3 : CryptoCC26XX.oem3 (.text:cryptoTransactionExecute)
                  00007ec0    000001f0     maclib_secure.a : fh_api.obj (.text:FHAPI_sendData)
                  000080b0    000001f0                     : mac_coord.obj (.text:macRxBeaconReq)
                  000082a0    000001e8     rf_multiMode_cc13x0.aem3 : RFCC26XX_multiMode.oem3 (.text:RF_open)
                  00008488    000001e8                              : RFCC26XX_multiMode.oem3 (.text:RF_scheduleCmd)
                  00008670    000001d4     macstack.obj (.text:macStackEventLoop)
                  00008844    000001cc     maclib_secure.a : fh_ie.obj (.text:FHIE_extractPie)
                  00008a10    000001c8                     : mac_scan.obj (.text:macApiScanReq)
                  00008bd8    000001c0                     : mac_security_pib.obj (.text:MAC_MlmeGetSecurityReq)
                  00008d98    000001b8     drivers_cc13x0.aem3 : PINCC26XX.oem3 (.text:PIN_init)
                  00008f50    000001b0     maclib_secure.a : mac_data.obj (.text:macApiDataReq)
                  00009100    000001ac                     : fh_ie.obj (.text:FHIE_parseCommonInformation)
                  000092ac    0000019c                     : fh_pib.obj (.text:FHPIB_set)
                  00009448    00000198                     : fh_nt.obj (.text:FHNT_getEntry)
                  000095e0    00000198                     : macwrapper.obj (.text:macWrapperAddKeyInitFCtr)
                  00009778    00000198     cllc.obj (.text:wsAsyncIndCb$34)
                  00009910    00000194     maclib_secure.a : mac_tx.obj (.text:macTxFrame)
                  00009aa4    00000190     drivers_cc13x0.aem3 : PowerCC26XX_calibrateRCOSC.oem3 (.text:PowerCC26XX_doCalibrate)
                  00009c34    00000188     maclib_secure.a : mac_pib.obj (.text:MAC_MlmeSetReq)
                  00009dbc    00000184                     : mac_ie_build.obj (.text:macBuildPayloadIes)
                  00009f40    00000178     driverlib.lib : crypto.obj (.text:NOROM_CRYPTOCcmInvAuthDecrypt)
                  0000a0b8    00000174     rf_multiMode_cc13x0.aem3 : RFCC26XX_multiMode.oem3 (.text:RF_fsmSetupState)
                  0000a22c    00000174     cllc.obj (.text:sendAsyncReq$34)
                  0000a3a0    00000170     driverlib.lib : crypto.obj (.text:NOROM_CRYPTOCcmAuthEncrypt)
                  0000a510    00000164     maclib_secure.a : mac_mgmt.obj (.text:macTxCsmaDelay)
                  0000a674    0000015c                     : fh_api.obj (.text:FHAPI_completeTxCb)
                  0000a7d0    0000015c     drivers_cc13x0.aem3 : UARTCC26XX.oem3 (.text:UARTCC26XX_open)
                  0000a92c    0000015c     maclib_secure.a : mac_data.obj (.text:macTxCompleteCallback)
                  0000aa88    00000158                     : mac_radio_tx.obj (.text:macRadioCsmaTxCbSubG$79)
                  0000abe0    00000148     drivers_cc13x0.aem3 : UARTCC26XX.oem3 (.text:UARTCC26XX_hwiIntFxn)
                  0000ad28    00000148     maclib_secure.a : mac_mgmt.obj (.text:macApiDisassociateReq)
                  0000ae70    00000144     rf_multiMode_cc13x0.aem3 : RFCC26XX_multiMode.oem3 (.text:RF_radioOpDoneCb)
                  0000afb4    00000140     nvocop.obj (.text:compactPage$29)
                  0000b0f4    00000140     maclib_secure.a : mac_coord.obj (.text:macApiAssociateRsp)
                  0000b234    00000138     rf_multiMode_cc13x0.aem3 : RFCC26XX_multiMode.oem3 (.text:RF_ratSetupChannel)
                  0000b36c    00000134     cllc.obj (.text:Cllc_init)
                  0000b4a0    00000134     maclib_secure.a : mac.obj (.text:macSendReceiveCmdSubG)
                  0000b5d4    0000012c                     : mac_coord.obj (.text:macApiStartReq)
                  0000b700    00000128                     : fh_nt.obj (.text:FHNT_purgeTimerIsrCb)
                  0000b828    00000128     rf_multiMode_cc13x0.aem3 : RFCC26XX_multiMode.oem3 (.text:RF_abortCmd)
                  0000b950    00000128     collector.obj (.text:generateTrackingRequests$35)
                  0000ba78    00000124     rf_multiMode_cc13x0.aem3 : RFCC26XX_multiMode.oem3 (.text:RF_fsmChangePhyState)
                  0000bb9c    00000124     maclib_secure.a : mac_mgmt.obj (.text:macApiWSAsyncReq)
                  0000bcc0    00000120                     : mac_data.obj (.text:macAllocTxBuffer)
                  0000bde0    0000011c     drivers_cc13x0.aem3 : UARTCC26XX.oem3 (.text:UARTCC26XX_read)
                  0000befc    00000114                         : PowerCC26XX.oem3 (.text:Power_init)
                  0000c010    00000110     rf_multiMode_cc13x0.aem3 : RFCC26XX_multiMode.oem3 (.text:RF_close)
                  0000c120    00000110     collector.obj (.text:dataCnfCB$35)
                  0000c230    00000110     maclib_secure.a : mac.obj (.text:macSetupRATChanCompare)
                  0000c340    00000104                     : mac.obj (.text:macRatCb_B)
                  0000c444    00000100                     : fh_nt.obj (.text:FHNT_getRemoveEntryFromTemp)
                  0000c544    00000100     drivers_cc13x0.aem3 : GPIOCC26XX.oem3 (.text:GPIO_setConfig)
                  0000c644    00000100     rf_multiMode_cc13x0.aem3 : RFCC26XX_multiMode.oem3 (.text:RF_dispatchNextCmd)
                  0000c744    000000fc     drivers_cc13x0.aem3 : UARTCC26XX.oem3 (.text:UARTCC26XX_write)
                  0000c840    000000fc     main.obj (.text:main)
                  0000c93c    000000f8     maclib_secure.a : fh_ie.obj (.text:FHIE_genCommonInformation)
                  0000ca34    000000f8     app_pem3.oem3 (.text:xdc_runtime_System_printfExtend__I)
                  0000cb2c    000000f4     rf_multiMode_cc13x0.aem3 : RFCC26XX_multiMode.oem3 (.text:RF_getInfo)
                  0000cc20    000000f4     maclib_secure.a : mac_radio_tx.obj (.text:macRadioTxPrepCsmaUnslottedSubG)
                  0000cd14    000000f4                     : mac_mgmt.obj (.text:macSetDefaultsByPhyID)
                  0000ce08    000000f0     csf.obj (.text:Csf_deviceUpdate)
                  0000cef8    000000f0     maclib_secure.a : fh_mgr.obj (.text:FHMGR_bcTimerIsrCb)
                  0000cfe8    000000f0     driverlib.lib : rfc.obj (.text:NOROM_RFCOverrideUpdate)
                  0000d0d8    000000f0                   : setup.obj (.text:NOROM_SetupTrimDevice)
                  0000d1c8    000000f0     rf_multiMode_cc13x0.aem3 : RFCC26XX_multiMode.oem3 (.text:RF_pendCmd)
                  0000d2b8    000000f0     collector.obj (.text:dataIndCB$35)
                  0000d3a8    000000ec     maclib_secure.a : mac_scan.obj (.text:macScanNextChan)
                  0000d494    000000e8                     : fh_ie.obj (.text:FHIE_parseHie)
                  0000d57c    000000e4                     : fh_api.obj (.text:FHAPI_getTxParams)
                  0000d660    000000e4                     : fh_nt.obj (.text:FHNT_addTempEUI)
                  0000d744    000000e4     dpl_cc13x0.aem3 : PowerCC26XX_tirtos.oem3 (.text:PowerCC26XX_standbyPolicy)
                  0000d828    000000e4     maclib_secure.a : mac_radio_tx.obj (.text:macRadioTxAck$79)
                  0000d90c    000000e4                     : mac_radio_tx.obj (.text:macRadioTxPrepCsmaSlottedSubG)
                  0000d9f0    000000e0     collector.obj (.text:Collector_sendConfigRequest)
                  0000dad0    000000e0     rf_multiMode_cc13x0.aem3 : RFCC26XX_multiMode.oem3 (.text:RF_fsmPowerUpState)
                  0000dbb0    000000e0                              : RFCC26XX_multiMode.oem3 (.text:RF_requestAccess)
                  0000dc90    000000e0     maclib_secure.a : mac_coord.obj (.text:macIndirectSend)
                  0000dd70    000000e0     api_mac.obj (.text:parsePayloadIEs$32)
                  0000de50    000000dc     drivers_cc13x0.aem3 : PINCC26XX.oem3 (.text:PINCC26XX_setIoCfg)
                  0000df2c    000000dc     maclib_secure.a : mac_mgmt.obj (.text:macCommStatusInd)
                  0000e008    000000d8     rf_multiMode_cc13x0.aem3 : RFCC26XX_multiMode.oem3 (.text:RF_howToSchedule)
                  0000e0e0    000000d4     drivers_cc13x0.aem3 : CryptoCC26XX.oem3 (.text:CryptoCC26XX_open)
                  0000e1b4    000000d4     driverlib.lib : rfc.obj (.text:NOROM_RFCRfTrimRead)
                  0000e288    000000d4     maclib_secure.a : mac_radio_tx.obj (.text:macRadioLbtTxCb)
                  0000e35c    000000d4                     : mac_coord.obj (.text:macStartContinue)
                  0000e430    000000d0     macstack.obj (.text:MAC_CbackEvent)
                  0000e500    000000d0     maclib_secure.a : mac_data.obj (.text:macDataTxSend)
                  0000e5d0    000000d0                     : mac.obj (.text:macRatCb_A)
                  0000e6a0    000000d0                     : mac_scan.obj (.text:macScanRxBeacon)
                  0000e770    000000d0                     : mac_main.obj (.text:macSendDataMsg)
                  0000e840    000000cc     driverlib.lib : crypto.obj (.text:NOROM_CRYPTOAesCbc)
                  0000e90c    000000cc     nvocop.obj (.text:NVOCOP_writeItem)
                  0000e9d8    000000cc     rf_multiMode_cc13x0.aem3 : RFCC26XX_multiMode.oem3 (.text:RF_swiHw)
                  0000eaa4    000000cc     maclib_secure.a : mac_ie_build.obj (.text:macBuildHeaderIes)
                  0000eb70    000000cc                     : mac_security.obj (.text:macOutgoingFrameKeyDescRetrieval)
                  0000ec3c    000000c8                     : mac_security.obj (.text:macCcmStarTransform)
                  0000ed04    000000c8                     : mac_data.obj (.text:macDataTxEnqueue)
                  0000edcc    000000c8                     : mac_coord.obj (.text:macIndirectExpire)
                  0000ee94    000000c4                     : fh_data.obj (.text:FHDATA_procASYNCReq)
                  0000ef58    000000c4     rf_multiMode_cc13x0.aem3 : RFCC26XX_multiMode.oem3 (.text:RF_hwiCpe0Active)
                  0000f01c    000000c4     maclib_secure.a : mac.obj (.text:macSendFsCmd)
                  0000f0e0    000000be                     : fh_ie.obj (.text:FHIE_getLen)
                  0000f19e    00000002     rf_multiMode_cc13x0.aem3 : RFCC26XX_multiMode.oem3 (.text:RF_defaultCallback)
                  0000f1a0    000000bc     maclib_secure.a : fh_nt.obj (.text:FHNT_AddDeviceCB)
                  0000f25c    000000bc     drivers_cc13x0.aem3 : GPIOCC26XX.oem3 (.text:GPIO_init)
                  0000f318    000000bc                         : PowerCC26XX.oem3 (.text:Power_releaseDependency)
                  0000f3d4    000000bc     maclib_secure.a : mac_tx.obj (.text:macTxFrameIsr)
                  0000f490    000000b8                     : fh_ie.obj (.text:FHIE_getPieContentLen)
                  0000f548    000000b8     collector.obj (.text:cllcStartedCB$35)
                  0000f600    000000b8     maclib_secure.a : mac_mgmt.obj (.text:macBuildBeaconNotifyInd)
                  0000f6b8    000000b8                     : mac_coord.obj (.text:macCoordReset)
                  0000f770    000000b4     drivers_cc13x0.aem3 : PowerCC26XX.oem3 (.text:Power_setDependency)
                  0000f824    000000b4     rf_multiMode_cc13x0.aem3 : RFCC26XX_multiMode.oem3 (.text:RF_control)
                  0000f8d8    000000b4     maclib_secure.a : mac_rx.obj (.text:rxPostRxUpdates$80)
                  0000f98c    000000ac     rf_multiMode_cc13x0.aem3 : RFCC26XX_multiMode.oem3 (.text:RF_schChkCmdInsert)
                  0000fa38    000000ac     maclib_secure.a : mac_tx.obj (.text:macTxChannelBusyCallback)
                  0000fae4    000000ac     api_mac.obj (.text:processBeaconNotifyInd$32)
                  0000fb90    000000aa     maclib_secure.a : fh_ie.obj (.text:FHIE_genExcludedChannelRanges)
                  0000fc3a    00000002     rtsv7M3_T_le_eabi.lib : _lock.c.obj (.text:_nop)
                  0000fc3c    000000a6     rom_sysbios.aem3 : rom_sysbios.obj (.text:xdc_runtime_Text_putSite__E)
                  0000fce2    00000002     drivers_cc13x0.aem3 : PowerCC26XX.oem3 (.text:emptyClockFunc)
                  0000fce4    000000a4     driverlib.lib : crypto.obj (.text:NOROM_CRYPTOAesEcb)
                  0000fd88    000000a4     rf_multiMode_cc13x0.aem3 : RFCC26XX_multiMode.oem3 (.text:RF_ratRestartChannels)
                  0000fe2c    000000a4     drivers_cc13x0.aem3 : UARTCC26XX.oem3 (.text:UARTCC26XX_initHw)
                  0000fed0    000000a4     osal.obj (.text:osal_set_event)
                  0000ff74    000000a4     drivers_cc13x0.aem3 : PowerCC26XX.oem3 (.text:switchXOSCHFclockFunc)
                  00010018    000000a0     csf.obj (.text:Csf_getDevice)
                  000100b8    000000a0     maclib_secure.a : fh_ie.obj (.text:FHIE_getChannelPlan)
                  00010158    000000a0     cllc.obj (.text:assocIndCb$34)
                  000101f8    000000a0     auto_init.aem3 : auto_init.oem3 (.text)
                  00010298    000000a0     nvocop.obj (.text:findItemOffset$29)
                  00010338    000000a0     maclib_secure.a : mac_tx.obj (.text:txCsmaPrep$84)
                  000103d8    000000a0     nvocop.obj (.text:writeItem$29)
                  00010478    0000009c     maclib_secure.a : fh_api.obj (.text:FHAPI_reset)
                  00010514    0000009c     csf.obj (.text:findBlackListIndex$36)
                  000105b0    0000009c     maclib_secure.a : mac_radio_tx.obj (.text:macRadioTxPrepLbt)
                  0001064c    0000009c     rtsv7M3_T_le_eabi.lib : memcpy_t2.asm.obj (.text)
                  000106e8    00000098     maclib_secure.a : fh_data.obj (.text:FHDATA_getPktFromQueue)
                  00010780    00000098                     : fh_mgr.obj (.text:FHMGR_updateRadioBCChannel)
                  00010818    00000098     nvocop.obj (.text:NVOCOP_deleteItem)
                  000108b0    00000098     drivers_cc13x0.aem3 : PINCC26XX.oem3 (.text:PIN_open)
                  00010948    00000098     rf_multiMode_cc13x0.aem3 : RFCC26XX_multiMode.oem3 (.text:RF_calculateDispatchTime)
                  000109e0    00000098     drivers_cc13x0.aem3 : UARTCC26XX.oem3 (.text:UARTCC26XX_initIO)
                  00010a78    00000098                         : UARTCC26XX.oem3 (.text:UARTCC26XX_swiIntFxn)
                  00010b10    00000098     maclib_secure.a : mac_coord.obj (.text:macBuildRealign)
                  00010ba8    00000098                     : mac_coord.obj (.text:macIndirectMark)
                  00010c40    00000098                     : mac_mgmt.obj (.text:macRxBeacon)
                  00010cd8    00000098     rom_sysbios.aem3 : rom_sysbios.obj (.text:ti_sysbios_knl_Clock_workFuncDynamic__E)
                  00010d70    00000098                      : rom_sysbios.obj (.text:xdc_runtime_Text_putMod__E)
                  00010e08    00000096     rtsv7M3_T_le_eabi.lib : ull_div_t2.asm.obj (.text)
                  00010e9e    00000002     maclib_secure.a : mac_pwr.obj (.text:macApiPwrOnReq)
                  00010ea0    00000094     csf.obj (.text:Csf_updateFrameCounter)
                  00010f34    00000094     maclib_secure.a : fh_nt.obj (.text:FHNT_getNTIndexFromTempIndex)
                  00010fc8    00000094     driverlib.lib : crypto.obj (.text:NOROM_CRYPTOAesLoadKey)
                  0001105c    00000094     board_led.obj (.text:board_led_blinkTimeoutCB$7)
                  000110f0    00000094     maclib_secure.a : mac_main.obj (.text:macCbackForEvent)
                  00011184    00000094                     : mac_hl_patch.obj (.text:macCcmDecrypt)
                  00011218    00000094                     : mac_security.obj (.text:macCcmStarInverseTransform)
                  000112ac    00000094     collector.obj (.text:sendMsg$35)
                  00011340    00000090     cllc.obj (.text:Cllc_securityInit)
                  000113d0    00000090     rf_multiMode_cc13x0.aem3 : RFCC26XX_multiMode.oem3 (.text:RF_discardPendCmd)
                  00011460    00000090     rom_sysbios.aem3 : rom_sysbios.obj (.text:ti_sysbios_family_arm_cc26xx_Timer_start__E)
                  000114f0    0000008c     drivers_cc13x0.aem3 : UARTCC26XX.oem3 (.text:UARTCC26XX_close)
                  0001157c    0000008c     api_mac.obj (.text:copyDataInd$32)
                  00011608    0000008c     cllc.obj (.text:disassocIndCb$34)
                  00011694    0000008c     maclib_secure.a : mac_hl_patch.obj (.text:macCcmEncrypt)
                  00011720    0000008c                     : mac_data.obj (.text:macDataTxComplete)
                  000117ac    0000008a     drivers_cc13x0.aem3 : CryptoCC26XX.oem3 (.text:CryptoCC26XX_allocateKey)
                  00011836    0000008a     maclib_secure.a : fh_ie.obj (.text:FHIE_extractHie)
                  000118c0    00000088     driverlib.lib : osc.obj (.text:NOROM_OSCHF_GetStartupTime)
                  00011948    00000088     drivers_cc13x0.aem3 : UARTCC26XX.oem3 (.text:UARTCC26XX_writeCancel)
                  000119d0    00000088     maclib_secure.a : mac_mcu.obj (.text:macMcuBitReverse)
                  00011a58    00000088                     : mac_timer.obj (.text:macTimerCancel)
                  00011ae0    00000088     osal.obj (.text:osal_msg_receive)
                  00011b68    00000084     rf_multiMode_cc13x0.aem3 : RFCC26XX_multiMode.oem3 (.text:RF_issueRadioFreeCb)
                  00011bec    00000084     maclib_secure.a : mac_coord.obj (.text:macApiPurgeReq)
                  00011c70    00000080     rf_multiMode_cc13x0.aem3 : RFCC26XX_multiMode.oem3 (.text:RF_hwiHw)
                  00011cf0    00000080     maclib_secure.a : mac_coord.obj (.text:macRxDataReq)
                  00011d70    00000080     mac_user_config.obj (.text:rf_patch_rfe_genfsk$37)
                  00011df0    00000080     maclib_secure.a : mac_tx.obj (.text:txComplete)
                  00011e70    0000007c     board_led.obj (.text:Board_Led_control)
                  00011eec    0000007c     csf.obj (.text:Csf_getDeviceItem)
                  00011f68    0000007c     driverlib.lib : crypto.obj (.text:NOROM_CRYPTOCcmInvAuthDecryptResultGet)
                  00011fe4    0000007c     rf_multiMode_cc13x0.aem3 : RFCC26XX_multiMode.oem3 (.text:RF_ratFreeChannel)
                  00012060    0000007c     csf.obj (.text:findDeviceListIndex$36)
                  000120dc    0000007c     maclib_secure.a : mac_radio.obj (.text:macRadioUpdateChannelRx)
                  00012158    0000007a     rtsv7M3_T_le_eabi.lib : memset_t2.asm.obj (.text)
                  000121d2    00000002     maclib_secure.a : mac.obj (.text:macClientSwitchCb)
                  000121d4    00000078                     : mac_radio_tx.obj (.text:macRadioTxAckCb$79)
                  0001224c    00000078                     : mac_radio.obj (.text:macRadioUpdateChannel)
                  000122c4    00000078                     : mac_radio.obj (.text:macRadioUpdateTxPower)
                  0001233c    00000078                     : mac_scan.obj (.text:macScanStartTimer)
                  000123b4    00000078     osal_pwrmgr.obj (.text:osal_pwrmgr_task_state)
                  0001242c    00000078     cllc.obj (.text:sendStartReq$34)
                  000124a4    00000078     drivers_cc13x0.aem3 : UARTCC26XX.oem3 (.text:writeTxFifoFlush)
                  0001251c    00000076     maclib_secure.a : mac_security.obj (.text:macKeyDescriptorLookup)
                  00012592    00000002                     : mac_mcu.obj (.text:macMcuInit)
                  00012594    00000074     csf.obj (.text:Csf_setTrickleClock)
                  00012608    00000074     maclib_secure.a : fh_util.obj (.text:FHUTIL_getCurBfio)
                  0001267c    00000074     icall_cc2650.obj (.text:ICallPlatform_pwrUpdActivityCounter)
                  000126f0    00000074     rf_multiMode_cc13x0.aem3 : RFCC26XX_multiMode.oem3 (.text:RF_yield)
                  00012764    00000074     maclib_secure.a : mac_mcu.obj (.text:macMcuOverflowSetCompare)
                  000127d8    00000070                     : fh_api.obj (.text:FHAPI_startBS)
                  00012848    00000070                     : fh_dh1cf.obj (.text:FHDH1CF_getBCChannelNum)
                  000128b8    00000070                     : mac_mcu.obj (.text:macMcuOverflowSetPeriod)
                  00012928    00000070                     : mac_tx.obj (.text:macTxAckReceivedCallback)
                  00012998    00000070     nvocop.obj (.text:writeWord$29)
                  00012a08    0000006e     rtsv7M3_T_le_eabi.lib : ll_div_t2.asm.obj (.text)
                  00012a76    00000002     maclib_secure.a : mac_mgmt.obj (.text:macNoAction)
                  00012a78    0000006d     rom_sysbios.aem3 : rom_sysbios.obj (.text:xdc_runtime_System_formatNum__I)
                  00012ae5    00000001     --HOLE-- [fill = 0]
                  00012ae6    00000002     maclib_secure.a : mac_symbol_timer.obj (.text:macSymbolTimerICallPwrNotify$83)
                  00012ae8    0000006c     cllc.obj (.text:Cllc_restoreNetwork)
                  00012b54    0000006c     maclib_secure.a : fh_nt.obj (.text:FHNT_putEntry)
                  00012bc0    0000006c     drivers_cc13x0.aem3 : PowerCC26XX_calibrateRCOSC.oem3 (.text:PowerCC26XX_initiateCalibration)
                  00012c2c    0000006c     rf_multiMode_cc13x0.aem3 : RFCC26XX_multiMode.oem3 (.text:RF_ratDisableChannel)
                  00012c98    0000006c     nvocop.obj (.text:findItemInCache$29)
                  00012d04    0000006c     maclib_secure.a : mac_mgmt.obj (.text:macDisassocComplete)
                  00012d70    0000006c                     : mac_main.obj (.text:macExecute)
                  00012ddc    0000006c                     : mac_main.obj (.text:macSendMsg)
                  00012e48    00000068                     : fh_data.obj (.text:FHDATA_purgePktFromQueue)
                  00012eb0    00000068     driverlib.lib : sys_ctrl.obj (.text:NOROM_SysCtrlAdjustRechargeAfterPowerDown)
                  00012f18    00000068                   : sys_ctrl.obj (.text:NOROM_SysCtrl_DCDC_VoltageConditionalControl)
                  00012f80    00000068     drivers_cc13x0.aem3 : UARTCC26XX.oem3 (.text:UARTCC26XX_readCancel)
                  00012fe8    00000068     mac_user_config.obj (.text:applyGenfskPatch$37)
                  00013050    00000068     rtsv7M3_T_le_eabi.lib : copy_decompress_lzss.c.obj (.text:decompress:lzss:__TI_decompress_lzss)
                  000130b8    00000068     drivers_cc13x0.aem3 : PowerCC26XX.oem3 (.text:lfClockReadyCallback)
                  00013120    00000068     maclib_secure.a : mac_radio_tx.obj (.text:macRadioSendImmAckSubG$79)
                  00013188    00000068                     : mac_rx_onoff.obj (.text:macRxOn)
                  000131f0    00000068     cllc.obj (.text:maintainAssocTable$34)
                  00013258    00000068     maclib_secure.a : mac_tx.obj (.text:txGo$84)
                  000132c0    00000064     driverlib.lib : osc.obj (.text:NOROM_OSCHF_AttemptToSwitchToXosc)
                  00013324    00000064                   : setup_rom.obj (.text:NOROM_SetupGetTrimForAnabypassValue1)
                  00013388    00000064     drivers_cc13x0.aem3 : PINCC26XX.oem3 (.text:PIN_add)
                  000133ec    00000064     rf_multiMode_cc13x0.aem3 : RFCC26XX_multiMode.oem3 (.text:RF_checkForPreemption)
                  00013450    00000064     drivers_cc13x0.aem3 : PowerCC26XX.oem3 (.text:configureXOSCHF)
                  000134b4    00000064     maclib_secure.a : mac_coord.obj (.text:macApiOrphanRsp)
                  00013518    00000064                     : mac_symbol_timer.obj (.text:macSymbolTimerInit)
                  0001357c    00000064     osal.obj (.text:osal_msg_enqueue_push$19)
                  000135e0    00000062     maclib_secure.a : mac_mgmt.obj (.text:macBuildWSAsyncMsg)
                  00013642    00000002     rtsv7M3_T_le_eabi.lib : div0.asm.obj (.text)
                  00013644    00000060     maclib_secure.a : fh_ie.obj (.text:FHIE_getCcaSfdTime)
                  000136a4    00000060     driverlib.lib : osc.obj (.text:NOROM_OSCClockSourceSet)
                  00013704    00000060     drivers_cc13x0.aem3 : PowerCC26XX.oem3 (.text:PowerCC26XX_calibrate)
                  00013764    00000060     rf_multiMode_cc13x0.aem3 : RFCC26XX_multiMode.oem3 (.text:RF_dispatchNextEvent)
                  000137c4    00000060                              : RFCC26XX_multiMode.oem3 (.text:RF_getCurrentTime)
                  00013824    00000060     drivers_cc13x0.aem3 : UARTCC26XX.oem3 (.text:UARTCC26XX_control)
                  00013884    00000060     csf.obj (.text:findUnusedDeviceListIndex$36)
                  000138e4    00000060     maclib_secure.a : mac_coord.obj (.text:macIndirectTxFrame)
                  00013944    00000060                     : mac_radio_tx.obj (.text:macRadioTxBackoffBoundary)
                  000139a4    00000060                     : mac_mgmt.obj (.text:macRxDisassoc)
                  00013a04    00000060                     : mac_rx.obj (.text:macRxHaltCleanup)
                  00013a64    00000060                     : mac_scan.obj (.text:macScanComplete)
                  00013ac4    00000060     osal.obj (.text:osal_msg_send)
                  00013b24    00000060     collector.obj (.text:processDataRetry$35)
                  00013b84    0000005f     rom_sysbios.aem3 : rom_sysbios.obj (.text:xdc_runtime_Text_putLab__E)
                  00013be3    00000001     --HOLE-- [fill = 0]
                  00013be4    0000005e     maclib_secure.a : fh_mgr.obj (.text:FHMGR_updateRadioUCChannel)
                  00013c42    00000002     rom_sysbios.aem3 : rom_sysbios.obj (.text:ti_sysbios_BIOS_linkedWithIncorrectBootLibrary__E)
                  00013c44    0000005c     cllc.obj (.text:Cllc_addSecDevice)
                  00013ca0    0000005c     drivers_cc13x0.aem3 : PowerCC26XX_calibrateRCOSC.oem3 (.text:PowerCC26XX_RCOSC_clockFunc)
                  00013cfc    0000005c     rf_multiMode_cc13x0.aem3 : RFCC26XX_multiMode.oem3 (.text:RF_hwiCpe0PowerFsm)
                  00013d58    0000005c                              : RFCC26XX_multiMode.oem3 (.text:RF_syncCb)
                  00013db4    0000005c     maclib_secure.a : mac_timer.obj (.text:macTimerUpdateSymbolTimer)
                  00013e10    0000005c     collector.obj (.text:sendBroadcastMsg$35)
                  00013e6c    0000005c     app_pem3.oem3 (.text:xdc_runtime_Startup_getState__I)
                  00013ec8    00000058     maclib_secure.a : fh_data.obj (.text:FHDATA_requeuePkt)
                  00013f20    00000058                     : fh_nt.obj (.text:FHNT_DelDeviceCB)
                  00013f78    00000058                     : fh_util.obj (.text:FHUTIL_getBitCounts)
                  00013fd0    00000058                     : mac_mgmt.obj (.text:MAC_ResumeReq)
                  00014028    00000058     drivers_cc13x0.aem3 : PINCC26XX.oem3 (.text:PIN_remove)
                  00014080    00000058     rf_multiMode_cc13x0.aem3 : RFCC26XX_multiMode.oem3 (.text:RF_TxPowerTable_findValue)
                  000140d8    00000058                              : RFCC26XX_multiMode.oem3 (.text:RF_cmdDispatchTime)
                  00014130    00000058     maclib_secure.a : mac_rx_onoff.obj (.text:macRxOffRequest)
                  00014188    00000058                     : mac_timer.obj (.text:macTimerAddTimer)
                  000141e0    00000056                     : mac_data.obj (.text:macFrameDurationSubG)
                  00014236    00000054     drivers_cc13x0.aem3 : CryptoCC26XX.oem3 (.text:CryptoCC26XX_close)
                  0001428a    00000002     app_pem3.oem3 (.text:ti_sysbios_BIOS_nullFunc__I)
                  0001428c    00000054     maclib_secure.a : fh_sm.obj (.text:FHSM_event)
                  000142e0    00000054     uart_printf.obj (.text:UartPrintf_flush)
                  00014334    00000054     maclib_secure.a : mac_ie_parse.obj (.text:macUpdatePayloadIEPtr)
                  00014388    00000054     drivers_cc13x0.aem3 : GPIOCC26XX.oem3 (.text:powerPostNotify)
                  000143dc    00000054     api_mac.obj (.text:processScanCnf$32)
                  00014430    00000054     collector.obj (.text:sendTrackingRequest$35)
                  00014484    00000052     maclib_secure.a : fh_ie.obj (.text:FHIE_genExcludedChannelMask)
                  000144d6    00000052                     : fh_ie.obj (.text:FHIE_getSubPie)
                  00014528    00000050     dpl_cc13x0.aem3 : ClockP_tirtos.oem3 (.text:ClockP_construct)
                  00014578    00000050     maclib_secure.a : fh_mgr.obj (.text:FHMGR_macStartFHTimer)
                  000145c8    00000050                     : fh_mgr.obj (.text:FHMGR_ucTimerIsrCb)
                  00014618    00000050                     : fh_nt.obj (.text:FHNT_getEUI)
                  00014668    00000050     driverlib.lib : crypto.obj (.text:NOROM_CRYPTOCcmAuthEncryptResultGet)
                  000146b8    00000050     rf_multiMode_cc13x0.aem3 : RFCC26XX_multiMode.oem3 (.text:RF_applyRfCorePatch)
                  00014708    00000050                              : RFCC26XX_multiMode.oem3 (.text:RF_fsmXOSCState)
                  00014758    00000050                              : RFCC26XX_multiMode.oem3 (.text:RF_wakeupNotification)
                  000147a8    00000050     maclib_secure.a : mac_radio.obj (.text:macRadioSetChannel)
                  000147f8    00000050                     : mac_symbol_timer.obj (.text:macSymbolTimerSetRollover)
                  00014848    00000050     drivers_cc13x0.aem3 : UARTCC26XX.oem3 (.text:startTxFifoEmptyClk)
                  00014898    0000004e     maclib_secure.a : fh_dh1cf.obj (.text:FHDH1CF_mapChIdxChannel)
                  000148e6    00000002     rom_sysbios.aem3 : rom_sysbios.obj (.text:ti_sysbios_knl_Clock_triggerFunc__I)
                  000148e8    0000004c     maclib_secure.a : fh_pib.obj (.text:FHPIB_get)
                  00014934    0000004c     drivers_cc13x0.aem3 : GPIOCC26XX.oem3 (.text:GPIO_enableInt)
                  00014980    0000004c     rtsv7M3_T_le_eabi.lib : cpy_tbl.c.obj (.text:copy_in)
                  000149cc    0000004c     maclib_secure.a : mac.obj (.text:macFsCb$75)
                  00014a18    0000004c                     : mac_radio.obj (.text:macGetRadioTxPowerReg)
                  00014a64    0000004c                     : mac_coord.obj (.text:macIndirectRequeueFrame)
                  00014ab0    0000004c                     : mac_radio.obj (.text:macRadioWakeupCb)
                  00014afc    0000004c                     : mac_symbol_timer.obj (.text:macSymbolTimerEventHandler$83)
                  00014b48    0000004c                     : mac_tx.obj (.text:macTxAckNotReceivedCallback)
                  00014b94    0000004a     macstack.obj (.text:icall_slimMsgParser)
                  00014bde    00000002     app_pem3.oem3 (.text:ti_sysbios_rom_cortexm_cc13xx_CC13xx_badRomRevision__E)
                  00014be0    00000048     board_lcd.obj (.text:Board_Lcd_writeStringValue)
                  00014c28    00000048     csf.obj (.text:Csf_getNumDeviceListEntries)
                  00014c70    00000048     drivers_cc13x0.aem3 : PINCC26XX.oem3 (.text:PIN_setOutputEnable)
                  00014cb8    00000048     timer.obj (.text:Timer_construct)
                  00014d00    00000048     util.obj (.text:Util_itoa)
                  00014d48    00000048     csf.obj (.text:getNumBlackListEntries$36)
                  00014d90    00000048     maclib_secure.a : mac_coord.obj (.text:macRxAssociateReq)
                  00014dd8    00000048                     : mac_rx.obj (.text:macRxNokIsr)
                  00014e20    00000048                     : mac.obj (.text:macSetupFsCmd)
                  00014e68    00000048                     : mac.obj (.text:macSetupReceiveCmd)
                  00014eb0    00000048     drivers_cc13x0.aem3 : UARTCC26XX.oem3 (.text:writeFinishedDoCallback)
                  00014ef8    00000046     maclib_secure.a : fh_dh1cf.obj (.text:FHDH1CF_getCh)
                  00014f3e    00000046                     : fh_ie.obj (.text:FHIE_getCommonInformationLen)
                  00014f84    00000044                     : fh_api.obj (.text:FHAPI_getRemDT)
                  00014fc8    00000044                     : mac_pib.obj (.text:MAC_MlmeGetReq)
                  0001500c    00000044     drivers_cc13x0.aem3 : RingBuf.oem3 (.text:RingBuf_put)
                  00015050    00000044     boot.aem3 : boot.oem3 (.text)
                  00015094    00000044     nvocop.obj (.text:erasePage$29)
                  000150d8    00000044     maclib_secure.a : mac.obj (.text:macStopCmd)
                  0001511c    00000044                     : mac_main.obj (.text:mac_msg_deallocate)
                  00015160    00000044     rom_sysbios.aem3 : rom_sysbios.obj (.text:xdc_runtime_Text_xprintf__I)
                  000151a4    00000042     api_mac.obj (.text:copyMacPanDescToApiMacPanDesc$32)
                  000151e6    00000002     rom_sysbios.aem3 : rom_sysbios.obj (.text:xdc_runtime_SysCallback_defaultAbort)
                  000151e8    00000040     maclib_secure.a : fh_dh1cf.obj (.text:FHDH1CF_hashword)
                  00015228    00000040                     : fh_nt.obj (.text:FHNT_delTempIndex)
                  00015268    00000040                     : fh_util.obj (.text:FHUTIL_getCurUfsi)
                  000152a8    00000040     hal_trng_wrapper.obj (.text:HalTRNG_GetTRNG)
                  000152e8    00000040     osal.obj (.text:ICall_setTimer$19)
                  00015328    00000040     maclib_secure.a : mac_symbol_timer.obj (.text:ICall_setTimer$83)
                  00015368    00000040                     : mac_tx.obj (.text:ICall_setTimer$84)
                  000153a8    00000040     driverlib.lib : chipinfo.obj (.text:NOROM_ChipInfo_GetHwRevision)
                  000153e8    00000040     nvocop.obj (.text:NVOCOP_initNV)
                  00015428    00000040     drivers_cc13x0.aem3 : PINCC26XX.oem3 (.text:PIN_swi)
                  00015468    00000040     rf_multiMode_cc13x0.aem3 : RFCC26XX_multiMode.oem3 (.text:RF_setTxPower)
                  000154a8    00000040     drivers_cc13x0.aem3 : UART.oem3 (.text:UART_init)
                  000154e8    00000040                         : UART.oem3 (.text:UART_open)
                  00015528    00000040     maclib_secure.a : mac_hl_patch.obj (.text:macCheckPhyRate)
                  00015568    00000040     rtsv7M3_T_le_eabi.lib : u_divt2.asm.obj (.text)
                  000155a8    00000040     rom_sysbios.aem3 : rom_sysbios.obj (.text:ti_sysbios_family_arm_cc26xx_Timer_setThreshold__I)
                  000155e8    0000003e     dpl_cc13x0.aem3 : HwiP_tirtos.oem3 (.text:HwiP_construct)
                  00015626    0000003e     drivers_cc13x0.aem3 : RingBuf.oem3 (.text:RingBuf_get)
                  00015664    0000003c     maclib_secure.a : fh_mgr.obj (.text:FHMGR_updateHopping)
                  000156a0    0000003c     icall_cc2650.obj (.text:ICallPlatform_pwrConfigACAction)
                  000156dc    0000003c     osal.obj (.text:ICall_setTimerMSecs$19)
                  00015718    0000003c     driverlib.lib : osc.obj (.text:NOROM_OSC_HPOSCRelativeFrequencyOffsetGet)
                  00015754    0000003c                   : rfc.obj (.text:NOROM_RFCSynthPowerDown)
                  00015790    0000003c     nvocop.obj (.text:NVOCOP_compactNV)
                  000157cc    0000003c     drivers_cc13x0.aem3 : PowerCC26XX.oem3 (.text:PowerCC26XX_isStableXOSC_HF)
                  00015808    0000003c     rf_multiMode_cc13x0.aem3 : RFCC26XX_multiMode.oem3 (.text:RF_cmdGet)
                  00015844    0000003c     dpl_cc13x0.aem3 : SwiP_tirtos.oem3 (.text:SwiP_construct)
                  00015880    0000003c     collector.obj (.text:cllcDeviceJoiningCB$35)
                  000158bc    0000003c     drivers_cc13x0.aem3 : PowerCC26XX.oem3 (.text:disableLfClkQualifiersEnableClkLoss)
                  000158f8    0000003c     maclib_secure.a : mac_rx_onoff.obj (.text:macRxDisable)
                  00015934    0000003c                     : mac_symbol_timer.obj (.text:macSymbolTimerSetTrigger)
                  00015970    0000003c     osal.obj (.text:osal_msg_extract)
                  000159ac    0000003c     rom_sysbios.aem3 : rom_sysbios.obj (.text:ti_sysbios_family_arm_m3_Hwi_construct2__E)
                  000159e8    0000003a     maclib_secure.a : fh_dh1cf.obj (.text:FHDH1CF_getChannelNum)
                  00015a22    00000002     rom_sysbios.aem3 : rom_sysbios.obj (.text:xdc_runtime_SysCallback_defaultExit)
                  00015a24    00000038     maclib_secure.a : fh_api.obj (.text:FHAPI_stopAsync)
                  00015a5c    00000038     hal_trng_wrapper.obj (.text:HalTRNG_InitTRNG)
                  00015a94    00000038     macstack.obj (.text:ICall_enrollService$26)
                  00015acc    00000038     api_mac.obj (.text:ICall_sendServiceMsg$32)
                  00015b04    00000038     nvocop.obj (.text:NVOCOP_readItem)
                  00015b3c    00000038     drivers_cc13x0.aem3 : PINCC26XX.oem3 (.text:PIN_setOutputValue)
                  00015b74    00000038     rf_multiMode_cc13x0.aem3 : RFCC26XX_multiMode.oem3 (.text:RF_checkCmdFsError)
                  00015bac    00000038                              : RFCC26XX_multiMode.oem3 (.text:RF_ieeeRequestFgCommand)
                  00015be4    00000038     board_key.obj (.text:board_key_keyFxn$5)
                  00015c1c    00000038     collector.obj (.text:findDevice$35)
                  00015c54    00000038     maclib_secure.a : mac.obj (.text:macSetUserConfig)
                  00015c8c    00000038                     : mac_symbol_timer.obj (.text:macSymbolTimerCount)
                  00015cc4    00000038     osal.obj (.text:osal_msg_dequeue)
                  00015cfc    00000038     drivers_cc13x0.aem3 : UARTCC26XX.oem3 (.text:readData)
                  00015d34    00000038     rom_sysbios.aem3 : rom_sysbios.obj (.text:ti_sysbios_family_arm_cc26xx_Timer_getCurrentTick__E)
                  00015d6c    00000038     drivers_cc13x0.aem3 : UARTCC26XX.oem3 (.text:writeData)
                  00015da4    00000036     maclib_secure.a : fh_ie.obj (.text:FHIE_getPie)
                  00015dda    00000002     rom_sysbios.aem3 : rom_sysbios.obj (.text:xdc_runtime_SysCallback_defaultFlush)
                  00015ddc    00000034     drivers_cc13x0.aem3 : GPIOCC26XX.oem3 (.text:GPIO_setCallback)
                  00015e10    00000034     osal.obj (.text:ICall_send$19)
                  00015e44    00000034     maclib_secure.a : fh_mgr.obj (.text:ICall_setTimer$57)
                  00015e78    00000034     driverlib.lib : ddi.obj (.text:NOROM_DDI32RegWrite)
                  00015eac    00000034                   : osc.obj (.text:NOROM_OSCHF_SwitchToRcOscTurnOffXosc)
                  00015ee0    00000034     drivers_cc13x0.aem3 : PINCC26XX.oem3 (.text:PIN_setConfig)
                  00015f14    00000034                         : PINCC26XX.oem3 (.text:PIN_setInterrupt)
                  00015f48    00000034                         : PowerCC26XX.oem3 (.text:Power_releaseConstraint)
                  00015f7c    00000034     rf_multiMode_cc13x0.aem3 : RFCC26XX_multiMode.oem3 (.text:RF_powerConstraintRelease)
                  00015fb0    00000034                              : RFCC26XX_multiMode.oem3 (.text:RF_runDirectImmediateCmd)
                  00015fe4    00000034     nvocop.obj (.text:disableCache$29)
                  00016018    00000034     maclib_secure.a : mac_beacon_device.obj (.text:macBeaconStopTrack)
                  0001604c    00000034                     : mac_data.obj (.text:macDataRxInd)
                  00016080    00000034                     : mac_pib.obj (.text:macMRFSKGetPhyDesc)
                  000160b4    00000034                     : mac_timer.obj (.text:macTimerRecalcUnaligned)
                  000160e8    00000034                     : mac_tx.obj (.text:macTxDecrypt)
                  0001611c    00000034                     : mac_tx.obj (.text:macTxUpdateIE)
                  00016150    00000034     drivers_cc13x0.aem3 : PowerCC26XX.oem3 (.text:notify)
                  00016184    00000034     osal.obj (.text:osal_msg_enqueue)
                  000161b8    00000034     csf.obj (.text:saveNumDeviceListEntries$36)
                  000161ec    00000034     rom_sysbios.aem3 : rom_sysbios.obj (.text:ti_sysbios_family_arm_cc26xx_Timer_initDevice__I)
                  00016220    00000034                      : rom_sysbios.obj (.text:ti_sysbios_knl_Swi_setPri__E)
                  00016254    00000032     maclib_secure.a : fh_ie.obj (.text:FHIE_getHie)
                  00016286    00000032     icall_cc2650.obj (.text:ICallPlatform_pwrNotify$1)
                  000162b8    00000032     maclib_secure.a : mac_scan.obj (.text:macScanCnfInit)
                  000162ea    00000032     rom_sysbios.aem3 : rom_sysbios.obj (.text:ti_sysbios_family_arm_cc26xx_Timer_setNextTick__E)
                  0001631c    00000032                      : rom_sysbios.obj (.text:ti_sysbios_knl_Task_stat__E)
                  0001634e    00000002     --HOLE-- [fill = 0]
                  00016350    00000030     csf.obj (.text:Csf_setBroadcastClock)
                  00016380    00000030     csf.obj (.text:Csf_setConfigClock)
                  000163b0    00000030     csf.obj (.text:Csf_setTrackingClock)
                  000163e0    00000030     maclib_secure.a : fh_api.obj (.text:FHAPI_SFDRxCb)
                  00016410    00000030                     : fh_sm.obj (.text:FSM_transaction_debug)
                  00016440    00000030     drivers_cc13x0.aem3 : GPIOCC26XX.oem3 (.text:GPIO_hwiIntFxn)
                  00016470    00000030     hal_flash_wrapper.obj (.text:HalFlashRead)
                  000164a0    00000030     icall_cc2650.obj (.text:ICallPlatform_pwrRegisterNotify)
                  000164d0    00000030     driverlib.lib : crypto.obj (.text:NOROM_CRYPTOAesEcbStatus)
                  00016500    00000030                   : crypto.obj (.text:NOROM_CRYPTOCcmAuthEncryptStatus)
                  00016530    00000030                   : crypto.obj (.text:NOROM_CRYPTOCcmInvAuthDecryptStatus)
                  00016560    00000030                   : chipinfo.obj (.text:NOROM_ChipInfo_GetChipType)
                  00016590    00000030                   : setup_rom.obj (.text:NOROM_SetupSetAonRtcSubSecInc)
                  000165c0    00000030     drivers_cc13x0.aem3 : PowerCC26XX.oem3 (.text:Power_setConstraint)
                  000165f0    00000030     rf_multiMode_cc13x0.aem3 : RFCC26XX_multiMode.oem3 (.text:RF_queueEnd)
                  00016620    00000030     collector.obj (.text:cllcStateChangedCB$35)
                  00016650    00000030     maclib_secure.a : mac_mgmt.obj (.text:macBcTimerHandler)
                  00016680    00000030                     : mac_coord.obj (.text:macRxOrphan)
                  000166b0    00000030                     : mac_timer.obj (.text:macTimerSetRollover)
                  000166e0    00000030     osal.obj (.text:osal_alien2proxy)
                  00016710    00000030     drivers_cc13x0.aem3 : UARTCC26XX.oem3 (.text:readData2RingBuf)
                  00016740    00000030     app_pem3.oem3 (.text:ti_sysbios_BIOS_atExitFunc__I)
                  00016770    00000030     app_pem3.oem3 (.text:ti_sysbios_BIOS_startFunc__I)
                  000167a0    0000002e     csf.obj (.text:Csf_getDeviceShort)
                  000167ce    0000002e     icall_cc2650.obj (.text:ICallPlatform_pwrDispenseImpl$1)
                  000167fc    0000002e     icall_cc2650.obj (.text:ICallPlatform_pwrRequireImpl$1)
                  0001682a    0000002e     drivers_cc13x0.aem3 : CryptoCC26XX.oem3 (.text:cryptoTransactionPend)
                  00016858    0000002c     CC13X0_LAUNCHXL.obj (.text:CC1350_LAUNCHXL_rfDriverCallback$3)
                  00016884    0000002c     maclib_secure.a : fh_ie.obj (.text:FHIE_getExcludedChannelControl)
                  000168b0    0000002c     driverlib.lib : osc.obj (.text:NOROM_OSCClockSourceGet)
                  000168dc    0000002c                   : rfc.obj (.text:NOROM_RFCCpePatchReset)
                  00016908    0000002c     drivers_cc13x0.aem3 : PINCC26XX.oem3 (.text:PINCC26XX_setMux)
                  00016934    0000002c     rf_multiMode_cc13x0.aem3 : RFCC26XX_multiMode.oem3 (.text:RF_calculateDeltaTimeUs)
                  00016960    0000002c                              : RFCC26XX_multiMode.oem3 (.text:RF_executeDirectImmediateCmd)
                  0001698c    0000002c     dpl_cc13x0.aem3 : SemaphoreP_tirtos.oem3 (.text:SemaphoreP_constructBinary)
                  000169b8    0000002c                     : SemaphoreP_tirtos.oem3 (.text:SemaphoreP_createBinary)
                  000169e4    0000002c     uart_printf.obj (.text:UartPrintf_putch)
                  00016a10    0000002c     collector.obj (.text:findDeviceStatusBit$35)
                  00016a3c    0000002c     nvocop.obj (.text:findOffset$29)
                  00016a68    0000002c     collector.obj (.text:getMsduHandle$35)
                  00016a94    0000002c     maclib_secure.a : mac_pib.obj (.text:macPibReset)
                  00016ac0    0000002c                     : mac_radio.obj (.text:macRadioSetPanCoordinator)
                  00016aec    0000002c                     : mac_symbol_timer.obj (.text:macSymbolTimerICallTimerCback$83)
                  00016b18    0000002c                     : mac_tx.obj (.text:macTxRequestCsmaRtcDelay)
                  00016b44    0000002c     osal.obj (.text:osal_msec_timer_cback$19)
                  00016b70    0000002c     saddr.obj (.text:sAddrCmp)
                  00016b9c    0000002c     rom_sysbios.aem3 : rom_sysbios.obj (.text:ti_sysbios_knl_Clock_getTicksUntilInterrupt__E)
                  00016bc8    0000002b                      : rom_sysbios.obj (.text:xdc_runtime_Text_printVisFxn__I)
                  00016bf3    00000001     --HOLE-- [fill = 0]
                  00016bf4    0000002a                      : rom_sysbios.obj (.text:ti_sysbios_knl_Clock_getTimeout__E)
                  00016c1e    0000002a                      : rom_sysbios.obj (.text:xdc_runtime_System_putchar__I)
                  00016c48    00000028     drivers_cc13x0.aem3 : CryptoCC26XX.oem3 (.text:CryptoCC26XX_releaseKey)
                  00016c70    00000028     maclib_secure.a : fh_mgr.obj (.text:FHMGR_macCancelFHTimer)
                  00016c98    00000028                     : mac_security_pib.obj (.text:MAC_MlmeGetPointerSecurityReq)
                  00016cc0    00000028     driverlib.lib : aon_batmon.obj (.text:NOROM_AONBatMonTemperatureGetDegC)
                  00016ce8    00000028                   : rfc.obj (.text:NOROM_RFCDoorbellSendTo)
                  00016d10    00000028     drivers_cc13x0.aem3 : PowerCC26XX.oem3 (.text:Power_registerNotify)
                  00016d38    00000028     rf_multiMode_cc13x0.aem3 : RFCC26XX_multiMode.oem3 (.text:RF_getTxPower)
                  00016d60    00000028     driverlib.lib : adi.obj (.text:SafeHapiVoid)
                  00016d88    00000028     board_led.obj (.text:board_led_anyBlinking$7)
                  00016db0    00000028     nvocop.obj (.text:findItem$29)
                  00016dd8    00000028     maclib_secure.a : mac_mgmt.obj (.text:macApiPending)
                  00016e00    00000028                     : mac_mgmt.obj (.text:macCoordAddrCmp)
                  00016e28    00000028                     : mac_coord.obj (.text:macStartComplete)
                  00016e50    00000028     osal_memory_icall.obj (.text:osal_mem_alloc)
                  00016e78    00000028     osal_timers.obj (.text:osal_next_timeout)
                  00016ea0    00000026     maclib_secure.a : fh_util.obj (.text:FHUTIL_getMaxChannels)
                  00016ec6    00000026                     : fh_util.obj (.text:FHUTIL_getTxUfsi)
                  00016eec    00000026                     : mac_radio.obj (.text:radioComputeED$78)
                  00016f12    00000026     rom_sysbios.aem3 : rom_sysbios.obj (.text:xdc_runtime_System_vprintf__E)
                  00016f38    00000024     drivers_cc13x0.aem3 : CryptoCC26XX.oem3 (.text:CryptoCC26XX_hwiIntFxn)
                  00016f5c    00000024     maclib_secure.a : fh_api.obj (.text:FHAPI_getTxChHoppingFunc)
                  00016f80    00000024                     : fh_pib.obj (.text:FHPIB_getLen)
                  00016fa4    00000024     osal_pwrmgr.obj (.text:ICall_pwrUpdActivityCounter$23)
                  00016fc8    00000024     drivers_cc13x0.aem3 : List.oem3 (.text:List_remove)
                  00016fec    00000024     rf_multiMode_cc13x0.aem3 : RFCC26XX_multiMode.oem3 (.text:RF_cmdAlloc)
                  00017010    00000024                              : RFCC26XX_multiMode.oem3 (.text:RF_invokeGlobalCallback)
                  00017034    00000024     maclib_secure.a : mac_beacon.obj (.text:macBeaconReset)
                  00017058    00000024                     : mac_radio.obj (.text:macGetRadioState)
                  0001707c    00000024                     : mac_radio.obj (.text:macRadioStopScan)
                  000170a0    00000024                     : mac_radio_tx.obj (.text:macRadioTxRequestTxAck)
                  000170c4    00000024                     : mac_rx_onoff.obj (.text:macRxSoftDisable)
                  000170e8    00000024     rtsv7M3_T_le_eabi.lib : memcmp.c.obj (.text:memcmp)
                  0001710c    00000024     osal.obj (.text:osal_msg_allocate)
                  00017130    00000024     collector.obj (.text:processConfigRetry$35)
                  00017154    00000024     cllc.obj (.text:startCnfCb$34)
                  00017178    00000024     app_pem3.oem3 (.text:ti_sysbios_BIOS_registerRTSLock__I)
                  0001719c    00000024     app_pem3.oem3 (.text:ti_sysbios_BIOS_removeRTSLock__I)
                  000171c0    00000024     rom_sysbios.aem3 : rom_sysbios.obj (.text:ti_sysbios_family_arm_cc26xx_Timer_getMaxTicks__E)
                  000171e4    00000024                      : rom_sysbios.obj (.text:ti_sysbios_knl_Task_getMode__E)
                  00017208    00000022     drivers_cc13x0.aem3 : List.oem3 (.text:List_get)
                  0001722a    00000022                         : List.oem3 (.text:List_insert)
                  0001724c    00000022                         : List.oem3 (.text:List_put)
                  0001726e    00000022                         : List.oem3 (.text:List_putHead)
                  00017290    00000022     collector.obj (.text:pollIndCB$35)
                  000172b2    00000002     --HOLE-- [fill = 0]
                  000172b4    00000020     drivers_cc13x0.aem3 : CryptoCC26XX.oem3 (.text:CryptoCC26XX_init)
                  000172d4    00000020     maclib_secure.a : fh_data.obj (.text:FHDATA_updateCCA)
                  000172f4    00000020                     : fh_util.obj (.text:FHUTIL_updateUcNumChannels)
                  00017314    00000020     hal_flash_wrapper.obj (.text:HalFlashGetAddress)
                  00017334    00000020     osal_memory_icall.obj (.text:ICall_free$22)
                  00017354    00000020     api_mac.obj (.text:ICall_free$32)
                  00017374    00000020     osal.obj (.text:ICall_getTicks$19)
                  00017394    00000020     maclib_secure.a : fh_data.obj (.text:ICall_getTicks$56)
                  000173b4    00000020                     : fh_mgr.obj (.text:ICall_getTicks$57)
                  000173d4    00000020                     : fh_util.obj (.text:ICall_getTicks$60)
                  000173f4    00000020                     : fh_api.obj (.text:ICall_getTicks$85)
                  00017414    00000020                     : fh_nt.obj (.text:ICall_getTicks$88)
                  00017434    00000020     osal.obj (.text:ICall_signal$19)
                  00017454    00000020     maclib_secure.a : mac_symbol_timer.obj (.text:ICall_signal$83)
                  00017474    00000020                     : mac_pib.obj (.text:MAC_GetPHYParamReq)
                  00017494    00000020                     : mac_mgmt.obj (.text:MAC_StartFH)
                  000174b4    00000020     driverlib.lib : rfc.obj (.text:NOROM_RFCAdi3VcoLdoVoltageMode)
                  000174d4    00000020     dpl_cc13x0.aem3 : PowerCC26XX_tirtos.oem3 (.text:PowerCC26XX_schedulerDisable)
                  000174f4    00000020                     : PowerCC26XX_tirtos.oem3 (.text:PowerCC26XX_schedulerRestore)
                  00017514    00000020     drivers_cc13x0.aem3 : PowerCC26XX.oem3 (.text:Power_unregisterNotify)
                  00017534    00000020     rf_multiMode_cc13x0.aem3 : RFCC26XX_multiMode.oem3 (.text:RF_clkPowerUp)
                  00017554    00000020                              : RFCC26XX_multiMode.oem3 (.text:RF_hwiCpe0ChangePhy)
                  00017574    00000020                              : RFCC26XX_multiMode.oem3 (.text:RF_ratIsRunning)
                  00017594    00000020     maclib_secure.a : mac_data.obj (.text:macDataRxMemAlloc)
                  000175b4    00000020                     : mac_data.obj (.text:macDataSend)
                  000175d4    00000020                     : mac_radio.obj (.text:macRadioSwInit)
                  000175f4    00000020                     : mac_rx_onoff.obj (.text:macRxOff)
                  00017614    00000020                     : mac_rx_onoff.obj (.text:macRxSoftEnable)
                  00017634    00000020                     : mac.obj (.text:macSetCurrChan$75)
                  00017654    00000020                     : mac_timer.obj (.text:macTimer)
                  00017674    00000020     osal.obj (.text:osal_memcmp)
                  00017694    00000020     osal.obj (.text:osal_msg_push)
                  000176b4    00000020     app_pem3.oem3 (.text:ti_sysbios_BIOS_rtsLock__I)
                  000176d4    00000020     rom_sysbios.aem3 : rom_sysbios.obj (.text:ti_sysbios_family_arm_cc26xx_Timer_dynamicStub__E)
                  000176f4    00000020                      : rom_sysbios.obj (.text:ti_sysbios_knl_Clock_stop__E)
                  00017714    00000020                      : rom_sysbios.obj (.text:xdc_runtime_Registry_findById__E)
                  00017734    0000001e     drivers_cc13x0.aem3 : PINCC26XX.oem3 (.text:PIN_close)
                  00017752    0000001e                         : PowerCC26XX.oem3 (.text:Power_getTransitionLatency)
                  00017770    0000001e     rf_multiMode_cc13x0.aem3 : RFCC26XX_multiMode.oem3 (.text:RF_preemptClient)
                  0001778e    0000001e     maclib_secure.a : mac_hl_patch.obj (.text:macPibIndex)
                  000177ac    0000001e                     : mac_scan.obj (.text:macScanFailedInProgress)
                  000177ca    0000001e                     : mac_timer.obj (.text:macTimerRemoveTimer)
                  000177e8    0000001c     cllc.obj (.text:Cllc_securityFill)
                  00017804    0000001c     maclib_secure.a : fh_api.obj (.text:FHAPI_setStateCb)
                  00017820    0000001c                     : fh_pib.obj (.text:FHPIB_getIndex)
                  0001783c    0000001c     osal.obj (.text:ICall_abort$19)
                  00017858    0000001c     osaltasks.obj (.text:ICall_abort$27)
                  00017874    0000001c     maclib_secure.a : mac_mgmt.obj (.text:MAC_EnableFH)
                  00017890    0000001c                     : mac_mgmt.obj (.text:MAC_MlmeFHSetReq)
                  000178ac    0000001c     driverlib.lib : chipinfo.obj (.text:NOROM_ChipInfo_GetChipFamily)
                  000178c8    0000001c                   : flash.obj (.text:NOROM_FlashProgram)
                  000178e4    0000001c                   : flash.obj (.text:NOROM_FlashSectorErase)
                  00017900    0000001c     drivers_cc13x0.aem3 : PINCC26XX.oem3 (.text:PINCC26XX_setIoCfgMux)
                  0001791c    0000001c                         : PINCC26XX.oem3 (.text:PIN_hwi)
                  00017938    0000001c     rf_multiMode_cc13x0.aem3 : RFCC26XX_multiMode.oem3 (.text:RF_clkInactivity)
                  00017954    0000001c                              : RFCC26XX_multiMode.oem3 (.text:RF_getRssi)
[...]
200001f0  xdc_runtime_Startup_Module__state__V                                      
200001f8  xdc_runtime_System_Module__state__V                                       
20000200  xdc_runtime_Memory_Module__state__V                                       
2000020c  Collector_events                                                          
20000220  string                                                                    
20000230  Collector_statistics                                                      
2000026c  Collector_macCallbacks                                                    
200002b4  receivedPackdge                                                           
20000380  lastSentNum                                                               
2000084c  macTaskId                                                                 
2000084d  macMgmt                                                                   
2000084e  macPanCoordinator                                                         
2000084f  csmPhy                                                                    
20000850  pMacDataTx                                                                
20000854  macDataTxIndirect                                                         
20000858  macDataRequeueIndirect                                                    
2000085c  macDataRxBeaconCritical                                                   
20000860  macDataTxBeaconComplete                                                   
20000864  macDataSetSched                                                           
20000868  macDataCheckSched                                                         
2000086c  macDataCheckTxTime                                                        
20000870  macDataBeaconRequeue                                                      
20000874  timerUnalignedQ                                                           
20000878  timerAlignedQ                                                             
2000087c  macTimerRollover                                                          
20000880  macTimerNewRollover                                                       
20000884  macTimerActive                                                            
20000888  Crypto_handle                                                             
2000088c  macCryptoDrvTblPtr                                                        
20000890  macCoordAction1                                                           
20000898  macMain                                                                   
200008a4  macBeaconDeviceAction                                                     
200008b4  macCoordAction3                                                           
200008c4  macData                                                                   
200008d4  macDataTxDelay                                                            
200008e4  macDeviceAction2                                                          
200008f8  macStateTbl                                                               
2000090c  macMgmtAction2                                                            
20000920  macScanAction                                                             
20000938  macCoordAction2                                                           
20000954  macReset                                                                  
20000970  macBeaconMargin                                                           
20000990  macBeacon                                                                 
200009b0  macActionSet                                                              
200009d4  macMgmtAction1                                                            
200009fc  macCoord                                                                  
20000a28  macDevice                                                                 
20000a54  macBeaconDevice                                                           
20000a88  macBeaconPayload                                                          
20000abc  macDeviceAction1                                                          
20000af4  macSecurityPib                                                            
20000b34  macScan                                                                   
20000b88  fhObject                                                                  
20000bf4  macPib                                                                    
20000c7c  macMRFSKGenPhyTable                                                       
20000d1c  enhancedAckBuf                                                            
20000e18  Main_assertReason                                                         
20000e1c  time                                                                      
20000e20  uart                                                                      
20000e24  clk1Struct                                                                
20000e48  uartParams                                                                
20000e6c  macUser0Cfg                                                               
20000e9c  myTask                                                                    
20000eec  Main_user1Cfg                                                             
20000f48  myTaskStack                                                               
2000130c  hUart                                                                     
20001714  Cllc_events                                                               
20001754  Cllc_statistics                                                           
200017b0  Cllc_associatedDevList                                                    
20001a08  macAddrSize                                                               
20001a0c  FHNT_Dbg                                                                  
20001a14  FH_txTiming                                                               
20001a1c  FHNT_tempTable                                                            
20001a24  FH_FSM                                                                    
20001a30  FHNT_hnd                                                                  
20001a68  FHFSM_Dbg                                                                 
20001aac  FHIE_channelPlan                                                          
20001b00  FHNT_tableOpt                                                             
20001b7c  FH_hnd                                                                    
20001c04  FHPIB_db                                                                  
20001c90  pinUpperBound                                                             
20001c94  pinLowerBound                                                             
20001d28  pinHandleTable                                                            
20001da4  PowerCC26XX_module                                                        
20001eba  Csf_keys                                                                  
20001ebb  savedCllcState                                                            
20001ebc  Csf_events                                                                
20001fbc  RF_cmdNop                                                                 
20001fcc  RF_cmdFs                                                                  
20001fe4  RF_cmdPropCs                                                              
20002000  RF_cmdPropCsSlotted                                                       
2000201c  RF_cmdPropTxAdv                                                           
2000203c  RF_cmdPropRadioDivSetup                                                   
20002064  RF_cmdPropRxAdv                                                           
20002098  ICall_enterCriticalSection                                                
2000209c  ICall_leaveCriticalSection                                                
200020b4  HEAPMGR_SIZE                                                              
200020b8  ICall_dispatcher                                                          
20002180  macReqAccessTimeCnt                                                       
20002181  reqAccessAlloc                                                            
20002184  rxCmdHandle                                                               
20002186  fsCmdHandle                                                               
2000218c  lastPostCmd                                                               
20002190  macSfdDetectCback                                                         
20002198  macTxTimestamp                                                            
2000219c  pMacRadioConfig                                                           
200021a0  macRfDrvTblPtr                                                            
200021a4  pRfPropTable                                                              
200021a8  pRfPropTableOld                                                           
200021ac  pMacRfAntSwitchSel                                                        
200021b0  pMacRfAntPwrSel                                                           
200021c0  macRxOutputSubG                                                           
200021cc  macFrmFilter                                                              
20002234  ti_sysbios_knl_Task_Object__table__V                                      
200022c8  ti_sysbios_family_arm_cc26xx_Timer_Object__table__V                       
20002354  ti_sysbios_gates_GateMutex_Object__table__V                               
20002394  RF_handle                                                                 
20002398  macPhyTxPower                                                             
200023a4  RF_params                                                                 
200023c1  osal_entity                                                               
200023c8  osal_qHead                                                                
200023cc  osal_eventloop_hook                                                       
200023d0  osal_icallMsg_hook                                                        
200023d4  osal_semaphore                                                            
200023d8  osal_last_timestamp                                                       
200023dc  osal_tickperiod                                                           
200023e0  osal_max_msecs                                                            
200023f0  txCmdHandle                                                               
200023f4  pMacEnhancedAck                                                           
200023f8  macRadioAckFrame                                                          
20002400  macAckTimer                                                               
20002420  ti_sysbios_knl_Swi_Module_State_0_readyQ__A                               
20002450  ti_sysbios_knl_Swi_Object__table__V                                       
20002480  ti_sysbios_knl_Task_Module_State_0_readyQ__A                              
200024b0  gpioPinConfigs                                                            
200024dc  macTxSlottedDelayFactor                                                   
200024dd  macTxType                                                                 
200024de  macTxBe                                                                   
200024df  txAckReq                                                                  
200024e4  macTxCsmaBackoffDelay                                                     
200024e8  macCsmaRtcTimerId                                                         
200024ec  macAckDbg                                                                 
20002520  ti_sysbios_knl_Clock_Object__table__V                                     
20002540  xdc_runtime_Error_IgnoreBlock                                             
2000257c  macSpecUsecsPerSymbol                                                     
20002580  macPrevPeriodRatCount                                                     
20002584  macSymbolTimerRollover                                                    
20002588  macSymbolTimerTrigger                                                     
20002594  ti_sysbios_family_arm_m3_Hwi_Object__table__V                             
200025ac  ti_sysbios_heaps_HeapMem_Object__table__V                                 
200025c4  ApiMac_appEntity                                                          
200025d0  ApiMac_extAddr                                                            
200025d8  gpioCallbackFunctions                                                     
200025e8  macCfg                                                                    
200025f8  lastRatChanA                                                              
200025f9  lastRatChanB                                                              
200025fa  macRxCmdActive                                                            
200025fb  macTxCmdActive                                                            
200025fc  macFsCmdActive                                                            
200025fe  macReqAccessCnt                                                           
20002600  macReqAccErrCnt                                                           
20002602  numRfCmd                                                                  
20002603  numRxCmd                                                                  
20002604  numRxPostCmd                                                              
20002605  bInSwi                                                                    
20002606  macRadioYielded                                                           
20002608  AppTaskId                                                                 
2000260c  pMacCbackQueryRetransmit                                                  
20002610  pMacCbackCheckPending                                                     
20002614  RFCC26XX_hwAttrs                                                          
20002624  OSAL_timeSeconds                                                          
2000262c  sector_addr                                                               
20002638  _lock                                                                     
2000263c  _unlock                                                                   
20002640  pOverridesTable                                                           
20002648  ti_sysbios_family_arm_m3_Hwi_Module__root__V                              
20002650  ti_sysbios_gates_GateHwi_Module__root__V                                  
20002658  ti_sysbios_gates_GateMutex_Module__root__V                                
20002660  ti_sysbios_hal_Hwi_Module__root__V                                        
20002668  ti_sysbios_heaps_HeapMem_Module__root__V                                  
20002670  ti_sysbios_knl_Clock_Module__root__V                                      
20002678  ti_sysbios_knl_Mailbox_Module__root__V                                    
20002680  ti_sysbios_knl_Queue_Module__root__V                                      
20002688  ti_sysbios_knl_Semaphore_Module__root__V                                  
20002690  ti_sysbios_knl_Swi_Module__root__V                                        
20002698  ti_sysbios_knl_Task_Module__root__V                                       
200026a0  xdc_runtime_Registry_Module__state__V                                     
200026a8  macTxSlottedDelay                                                         
200026a9  macUnitBackoffPeriod                                                      
200026aa  rxFhRsl                                                                   
200026ab  macPhyChannel                                                             
200026ac  pwrmgr_initialized                                                        
200026ae  pwrmgr_attribute                                                          
200026b4  main_func_sp                                                              
200026b8  ti_sysbios_family_arm_m3_Hwi_Module_State_0_excContext__A                 
200026bc  ti_sysbios_family_arm_m3_Hwi_Module_State_0_excStack__A                   
200026c0  ti_sysbios_knl_Task_Module_State_0_idleTask__A                            
200026c4  ti_sysbios_family_arm_m3_Hwi_Module_State_0_excActive__A                  
200026c8  ti_sysbios_heaps_HeapMem_Instance_State_0_buf__A                          
20003100  ti_sysbios_knl_Task_Instance_State_0_stack__A                             
20003300  uartCC26XXObjects                                                         
200034f0  ti_sysbios_family_arm_m3_Hwi_dispatchTable                                
200035b8  cryptoCC26XXObjects                                                       
20003638  macRxFilter                                                               
20003639  rxPromiscuousMode                                                         
20003644  macRxDataEntryOffset                                                      
2000364c  rxRadioBufferPtr                                                          
20003658  macRxDataEntryQueue                                                       
20003688  uartCC26XXRingBuffer                                                      
200036e0  PowerCC26XX_taskKey                                                       
200036e4  PowerCC26XX_swiKey                                                        
200036e8  timerHead                                                                 
200036fc  ClockP_tickPeriod                                                         
20003700  macTasksEvents                                                            
20003709  driverlib_release_0_51995                                                 
2000370a  macPwr                                                                    
2000370b  macRxActive                                                               
2000370c  macRxEnableFlags                                                          
2000370d  macRxOutgoingAckFlag                                                      
2000370e  macSymbolTimerImpending                                                   
2000370f  macTxActive                                                               
20003710  heapStart                                                                 
20004b00  __stack                                                                   
20004b00  heapEnd                                                                   
20005000  __STACK_END                                                               
20005000  __STACK_TOP                                                               
e000e000  ti_sysbios_family_arm_m3_Hwi_nvic                                         
ffffffff  __TI_pprof_out_hndl                                                       
ffffffff  __TI_prof_data_size                                                       
ffffffff  __TI_prof_data_start                                                      
ffffffff  __binit__                                                                 
ffffffff  __c_args__                                                                
ffffffff  binit                                                                     
UNDEFED   SHT$$INIT_ARRAY$$Base                                                     
UNDEFED   SHT$$INIT_ARRAY$$Limit                                                    

[1479 symbols]
