******************************************************************************
                  TI ARM Linker PC v18.1.2                     
******************************************************************************
>> Linked Sun Dec  2 11:31:09 2018

OUTPUT FILE NAME:   <collector_cc1310lpz.out>
ENTRY POINT SYMBOL: "ResetISR"  address: 00014681


MEMORY CONFIGURATION

         name            origin    length      used     unused   attr    fill
----------------------  --------  ---------  --------  --------  ----  --------
  FLASH                 00000000   0001e000  00018c38  000053c8  R  X
  FLASH_NV              0001e000   00001000  00001000  00000000  RW X
  FLASH_LAST            0001f000   00001000  00000b34  000004cc  R  X
  SRAM                  20000000   00005000  00003bb4  0000144c  RW X


SEGMENT ALLOCATION MAP

run origin  load origin   length   init length attrs members
----------  ----------- ---------- ----------- ----- -------
00000000    00000000    00000ca8   00000ca8    r--
  00000000    00000000    0000003c   0000003c    r-- .resetVecs
  0000003c    0000003c    00000c6c   00000c6c    r-- .const
00001000    00001000    00017fa0   00017fa0    r-x
  00001000    00001000    0000003c   0000003c    r-- .const:ti_sysbios_knl_Task_Object__PARAMS__C
  0000103c    0000103c    00000034   00000034    r-- .const:ti_sysbios_knl_Mailbox_Object__PARAMS__C
  00001070    00001070    00000030   00000030    r-- .const:ti_sysbios_family_arm_m3_Hwi_Object__PARAMS__C
  000010a0    000010a0    0000002c   0000002c    r-- .const:ti_sysbios_hal_Hwi_Object__PARAMS__C
  000010cc    000010cc    00000028   00000028    r-- .const:ti_sysbios_heaps_HeapMem_Module__FXNS__C
  000010f4    000010f4    00000028   00000028    r-- .const:ti_sysbios_knl_Swi_Object__PARAMS__C
  0000111c    0000111c    00000024   00000024    r-- .const:ti_sysbios_gates_GateHwi_Module__FXNS__C
  00001140    00001140    00000024   00000024    r-- .const:ti_sysbios_gates_GateMutex_Module__FXNS__C
  00001164    00001164    00000024   00000024    r-- .const:ti_sysbios_heaps_HeapMem_Object__PARAMS__C
  00001188    00001188    00000024   00000024    r-- .const:ti_sysbios_knl_Clock_Object__PARAMS__C
  000011ac    000011ac    00000024   00000024    r-- .const:ti_sysbios_knl_Semaphore_Object__PARAMS__C
  000011d0    000011d0    00000020   00000020    r-- .const:ti_sysbios_family_arm_m3_Hwi_Object__DESC__C
  000011f0    000011f0    00000020   00000020    r-- .const:ti_sysbios_gates_GateHwi_Object__DESC__C
  00001210    00001210    00000020   00000020    r-- .const:ti_sysbios_gates_GateMutex_Object__DESC__C
  00001230    00001230    00000020   00000020    r-- .const:ti_sysbios_hal_Hwi_Object__DESC__C
  00001250    00001250    00000020   00000020    r-- .const:ti_sysbios_heaps_HeapMem_Object__DESC__C
  00001270    00001270    00000020   00000020    r-- .const:ti_sysbios_knl_Clock_Object__DESC__C
  00001290    00001290    00000020   00000020    r-- .const:ti_sysbios_knl_Mailbox_Object__DESC__C
  000012b0    000012b0    00000020   00000020    r-- .const:ti_sysbios_knl_Queue_Object__DESC__C
  000012d0    000012d0    00000020   00000020    r-- .const:ti_sysbios_knl_Semaphore_Object__DESC__C
  000012f0    000012f0    00000020   00000020    r-- .const:ti_sysbios_knl_Swi_Object__DESC__C
  00001310    00001310    00000020   00000020    r-- .const:ti_sysbios_knl_Task_Object__DESC__C
  00001330    00001330    00000018   00000018    r-- .const:ti_sysbios_gates_GateHwi_Object__PARAMS__C
  00001348    00001348    00000018   00000018    r-- .const:ti_sysbios_gates_GateMutex_Object__PARAMS__C
  00001360    00001360    00000018   00000018    r-- .const:ti_sysbios_knl_Queue_Object__PARAMS__C
  00001378    00001378    00000008   00000008    r-- .const:ti_sysbios_knl_Idle_funcList__C
  00001384    00001384    00000004   00000004    r-- .const:ti_sysbios_family_arm_cc26xx_Timer_startupNeeded__C
  00001388    00001388    00000004   00000004    r-- .const:ti_sysbios_family_arm_m3_Hwi_E_alreadyDefined__C
  0000138c    0000138c    00000004   00000004    r-- .const:ti_sysbios_family_arm_m3_Hwi_E_hwiLimitExceeded__C
  00001390    00001390    00000004   00000004    r-- .const:ti_sysbios_family_arm_m3_Hwi_NUM_INTERRUPTS__C
  00001394    00001394    00000004   00000004    r-- .const:ti_sysbios_family_arm_m3_Hwi_Object__count__C
  00001398    00001398    00000004   00000004    r-- .const:ti_sysbios_family_arm_m3_Hwi_Object__table__C
  0000139c    0000139c    00000004   00000004    r-- .const:ti_sysbios_family_arm_m3_Hwi_ccr__C
  000013a0    000013a0    00000004   00000004    r-- .const:ti_sysbios_family_arm_m3_Hwi_excHandlerFunc__C
  000013a4    000013a4    00000004   00000004    r-- .const:ti_sysbios_family_arm_m3_Hwi_nullIsrFunc__C
  000013a8    000013a8    00000004   00000004    r-- .const:ti_sysbios_family_arm_m3_Hwi_numSparseInterrupts__C
  000013ac    000013ac    00000004   00000004    r-- .const:ti_sysbios_family_arm_m3_Hwi_priGroup__C
  000013b0    000013b0    00000004   00000004    r-- .const:ti_sysbios_family_arm_m3_TaskSupport_stackAlignment__C
  000013b4    000013b4    00000004   00000004    r-- .const:ti_sysbios_heaps_HeapMem_E_memory__C
  000013b8    000013b8    00000004   00000004    r-- .const:ti_sysbios_heaps_HeapMem_Module__gateObj__C
  000013bc    000013bc    00000004   00000004    r-- .const:ti_sysbios_heaps_HeapMem_Object__count__C
  000013c0    000013c0    00000004   00000004    r-- .const:ti_sysbios_heaps_HeapMem_Object__table__C
  000013c4    000013c4    00000004   00000004    r-- .const:ti_sysbios_heaps_HeapMem_reqAlign__C
  000013c8    000013c8    00000004   00000004    r-- .const:ti_sysbios_knl_Clock_serviceMargin__C
  000013cc    000013cc    00000004   00000004    r-- .const:ti_sysbios_knl_Mailbox_Object__count__C
  000013d0    000013d0    00000004   00000004    r-- .const:ti_sysbios_knl_Mailbox_Object__table__C
  000013d4    000013d4    00000004   00000004    r-- .const:ti_sysbios_knl_Mailbox_maxTypeAlign__C
  000013d8    000013d8    00000004   00000004    r-- .const:ti_sysbios_knl_Queue_Object__count__C
  000013dc    000013dc    00000004   00000004    r-- .const:ti_sysbios_knl_Queue_Object__table__C
  000013e0    000013e0    00000004   00000004    r-- .const:ti_sysbios_knl_Swi_Object__count__C
  000013e4    000013e4    00000004   00000004    r-- .const:ti_sysbios_knl_Swi_Object__table__C
  000013e8    000013e8    00000004   00000004    r-- .const:ti_sysbios_knl_Swi_numPriorities__C
  000013ec    000013ec    00000004   00000004    r-- .const:ti_sysbios_knl_Task_Object__count__C
  000013f0    000013f0    00000004   00000004    r-- .const:ti_sysbios_knl_Task_Object__table__C
  000013f4    000013f4    00000004   00000004    r-- .const:ti_sysbios_knl_Task_allBlockedFunc__C
  000013f8    000013f8    00000004   00000004    r-- .const:ti_sysbios_knl_Task_defaultStackHeap__C
  000013fc    000013fc    00000004   00000004    r-- .const:ti_sysbios_knl_Task_defaultStackSize__C
  00001400    00001400    00000004   00000004    r-- .const:ti_sysbios_knl_Task_numConstructedTasks__C
  00001406    00001406    00000002   00000002    r-- .const:ti_sysbios_family_arm_cc26xx_Timer_Module__id__C
  00001408    00001408    00000002   00000002    r-- .const:ti_sysbios_family_arm_cc26xx_TimestampProvider_useClockTimer__C
  0000140a    0000140a    00000002   00000002    r-- .const:ti_sysbios_family_arm_m3_Hwi_Module__id__C
  0000140c    0000140c    00000002   00000002    r-- .const:ti_sysbios_gates_GateHwi_Module__id__C
  0000140e    0000140e    00000002   00000002    r-- .const:ti_sysbios_gates_GateMutex_Module__id__C
  00001410    00001410    00000002   00000002    r-- .const:ti_sysbios_heaps_HeapMem_Module__id__C
  00001412    00001412    00000002   00000002    r-- .const:ti_sysbios_knl_Task_initStackFlag__C
  00001414    00001414    00000001   00000001    r-- .const:ti_sysbios_knl_Clock_tickMode__C
  00001418    00001418    00000008   00000008    r-- .const:xdc_runtime_Startup_firstFxns__C
  00001420    00001420    00000008   00000008    r-- .const:xdc_runtime_Startup_lastFxns__C
  00001428    00001428    00000004   00000004    r-- .const:xdc_runtime_Assert_E_assertFailed__C
  0000142c    0000142c    00000004   00000004    r-- .const:xdc_runtime_Error_E_memory__C
  00001430    00001430    00000004   00000004    r-- .const:xdc_runtime_Error_policyFxn__C
  00001434    00001434    00000004   00000004    r-- .const:xdc_runtime_IGateProvider_Interface__BASE__C
  00001438    00001438    00000004   00000004    r-- .const:xdc_runtime_IHeap_Interface__BASE__C
  0000143c    0000143c    00000004   00000004    r-- .const:xdc_runtime_IModule_Interface__BASE__C
  00001440    00001440    00000004   00000004    r-- .const:xdc_runtime_Main_Module__diagsEnabled__C
  00001444    00001444    00000004   00000004    r-- .const:xdc_runtime_Main_Module__diagsIncluded__C
  00001448    00001448    00000004   00000004    r-- .const:xdc_runtime_Main_Module__diagsMask__C
  0000144c    0000144c    00000004   00000004    r-- .const:xdc_runtime_Memory_defaultHeapInstance__C
  00001450    00001450    00000004   00000004    r-- .const:xdc_runtime_Startup_execImpl__C
  00001454    00001454    00000004   00000004    r-- .const:xdc_runtime_Startup_maxPasses__C
  00001458    00001458    00000004   00000004    r-- .const:xdc_runtime_Startup_sfxnRts__C
  0000145c    0000145c    00000004   00000004    r-- .const:xdc_runtime_Startup_sfxnTab__C
  00001460    00001460    00000004   00000004    r-- .const:xdc_runtime_Startup_startModsFxn__C
  00001464    00001464    00000004   00000004    r-- .const:xdc_runtime_SysCallback_abortFxn__C
  00001468    00001468    00000004   00000004    r-- .const:xdc_runtime_SysCallback_exitFxn__C
  0000146c    0000146c    00000004   00000004    r-- .const:xdc_runtime_System_abortFxn__C
  00001470    00001470    00000004   00000004    r-- .const:xdc_runtime_System_exitFxn__C
  00001474    00001474    00000004   00000004    r-- .const:xdc_runtime_System_maxAtexitHandlers__C
  00001478    00001478    00000004   00000004    r-- .const:xdc_runtime_Text_charTab__C
  0000147c    0000147c    00000004   00000004    r-- .const:xdc_runtime_Text_nameEmpty__C
  00001480    00001480    00000004   00000004    r-- .const:xdc_runtime_Text_nameStatic__C
  00001484    00001484    00000004   00000004    r-- .const:xdc_runtime_Text_nameUnknown__C
  00001488    00001488    00000002   00000002    r-- .const:xdc_runtime_Main_Module__id__C
  0000148a    0000148a    00000002   00000002    r-- .const:xdc_runtime_Memory_Module__id__C
  0000148c    0000148c    00000002   00000002    r-- .const:xdc_runtime_Text_charCnt__C
  0000148e    0000148e    00000002   00000002    r-- .const:xdc_runtime_Text_isLoaded__C
  00001490    00001490    00000001   00000001    r-- .const:xdc_runtime_Error_policy__C
  00001494    00001494    00000004   00000004    r-- .const:ti_sysbios_rom_ROM_AONRTCChannelEnable
  00001498    00001498    00000004   00000004    r-- .const:ti_sysbios_rom_ROM_AONRTCCompareValueSet
  0000149c    0000149c    00000004   00000004    r-- .const:ti_sysbios_rom_ROM_AONRTCCurrentCompareValueGet
  000014a0    000014a0    00000004   00000004    r-- .const:ti_sysbios_rom_ROM_AONRTCEventClear
  000014a4    000014a4    00000004   00000004    r-- .const:ti_sysbios_rom_ROM_ti_sysbios_family_arm_cc26xx_Timer_getCount64__E
  000014a8    000014a8    00000004   00000004    r-- .const:ti_sysbios_rom_ROM_ti_sysbios_family_arm_cc26xx_Timer_getCurrentTick__E
  000014ac    000014ac    00000004   00000004    r-- .const:ti_sysbios_rom_ROM_ti_sysbios_family_arm_cc26xx_Timer_getMaxTicks__E
  000014b0    000014b0    00000004   00000004    r-- .const:ti_sysbios_rom_ROM_ti_sysbios_family_arm_cc26xx_Timer_initDevice__I
  000014b4    000014b4    00000004   00000004    r-- .const:ti_sysbios_rom_ROM_ti_sysbios_family_arm_cc26xx_Timer_setNextTick__E
  000014b8    000014b8    00000004   00000004    r-- .const:ti_sysbios_rom_ROM_ti_sysbios_family_arm_cc26xx_Timer_setThreshold__I
  000014bc    000014bc    00000004   00000004    r-- .const:ti_sysbios_rom_ROM_ti_sysbios_family_arm_cc26xx_Timer_start__E
  000014c0    000014c0    00000004   00000004    r-- .const:ti_sysbios_rom_ROM_ti_sysbios_family_arm_cc26xx_TimestampProvider_get32__E
  000014c4    000014c4    00000004   00000004    r-- .const:ti_sysbios_rom_ROM_xdc_runtime_Startup_getState__I
  000014c8    000014c8    00000004   00000004    r-- .const:ti_sysbios_rom_ROM_xdc_runtime_System_SupportProxy_abort__E
  000014cc    000014cc    00000004   00000004    r-- .const:ti_sysbios_rom_ROM_xdc_runtime_System_SupportProxy_exit__E
  000014d0    000014d0    00000004   00000004    r-- .const:ti_sysbios_gates_GateMutex_Instance_State_sem__O
  000014d4    000014d4    00000004   00000004    r-- .const:ti_sysbios_knl_Clock_Module_State_clockQ__O
  000014d8    000014d8    00000004   00000004    r-- .const:ti_sysbios_knl_Mailbox_Instance_State_dataQue__O
  000014dc    000014dc    00000004   00000004    r-- .const:ti_sysbios_knl_Mailbox_Instance_State_dataSem__O
  000014e0    000014e0    00000004   00000004    r-- .const:ti_sysbios_knl_Mailbox_Instance_State_freeQue__O
  000014e4    000014e4    00000004   00000004    r-- .const:ti_sysbios_knl_Mailbox_Instance_State_freeSem__O
  000014e8    000014e8    00000004   00000004    r-- .const:ti_sysbios_knl_Semaphore_Instance_State_pendQ__O
  000014ec    000014ec    00000004   00000004    r-- .const:ti_sysbios_knl_Task_Module_State_inactiveQ__O
  000014f0    000014f0    00016a20   00016a20    r-x .text
  00017f10    00017f10    00000b8c   00000b8c    r-- config_const
  00018aa0    00018aa0    00000500   00000500    r-- .cinit
0001e000    0001e000    00001adc   00001adc    r-x
  0001e000    0001e000    00001000   00001000    r-- .TI.bound:NV_FLASH
  0001f000    0001f000    00000adc   00000adc    r-x flash_last_text
0001ffa8    0001ffa8    00000058   00000058    r--
  0001ffa8    0001ffa8    00000058   00000058    r-- .ccfg
20000100    20000100    000035f0   00000000    rw-
  20000100    20000100    00000044   00000000    rw- .data:ti_sysbios_knl_Task_Module__state__V
  20000144    20000144    00000034   00000000    rw- .data:ti_sysbios_family_arm_m3_Hwi_Module__state__V
  20000178    20000178    0000002c   00000000    rw- .data:ti_sysbios_knl_Clock_Module__state__V
  200001a4    200001a4    00000024   00000000    rw- .data:ti_sysbios_BIOS_Module__state__V
  200001c8    200001c8    0000001c   00000000    rw- .data:ti_sysbios_knl_Swi_Module__state__V
  200001e4    200001e4    00000008   00000000    rw- .data:ti_sysbios_family_arm_cc26xx_Timer_Module__state__V
  200001ec    200001ec    00000004   00000000    rw- .data:ti_sysbios_family_arm_cc26xx_TimestampProvider_Module__state__V
  200001f0    200001f0    00000008   00000000    rw- .data:xdc_runtime_Startup_Module__state__V
  200001f8    200001f8    00000008   00000000    rw- .data:xdc_runtime_System_Module__state__V
  20000200    20000200    00000004   00000000    rw- .data:xdc_runtime_Memory_Module__state__V
  20000208    20000208    0000249a   00000000    rw- .data
  200026a8    200026a8    00001048   00000000    rw- .bss
20004b00    20004b00    00000500   00000000    rw-
  20004b00    20004b00    00000500   00000000    rw- .stack


SECTION ALLOCATION MAP

 output                                  attributes/
section   page    origin      length       input sections
--------  ----  ----------  ----------   ----------------
.const     0    0000003c    00000c6c     
                  0000003c    0000045c     hmac_global.obj (.const:$O12$$)
                  00000498    000001c0     fh_global.obj (.const:$O9$$)
                  00000658    000000fa     fh_global.obj (.const:FH_stateMatrix)
                  00000752    00000002     cllc.obj (.const:keyUsageList$34)
                  00000754    000000cc     icall.obj (.const:$O2$$)
                  00000820    000000c8     cllc.obj (.const:$O25$$)
                  000008e8    0000006e     hmac_global.obj (.const:macIdleSt)
                  00000956    00000002     app_pem3.oem3 (.const:xdc_runtime_Text_registryModsLastId__C)
                  00000958    00000054     CC13X0_LAUNCHXL.obj (.const:$O4$$)
                  000009ac    0000004c     drivers_cc13x0.aem3 : PowerCC26XX.oem3 (.const:resourceDB)
                  000009f8    00000048     app_pem3.oem3 (.const:.string)
                  00000a40    00000044     drivers_cc13x0.aem3 : UARTCC26XX.oem3 (.const:$O1$$)
                  00000a84    00000040                         : GPIOCC26XX.oem3 (.const:$O2$$)
                  00000ac4    00000028                         : UARTCC26XX.oem3 (.const:UARTCC26XX_fxnTable)
                  00000aec    00000028     CC13X0_LAUNCHXL.obj (.const:uartCC26XXHWAttrs)
                  00000b14    00000024     drivers_cc13x0.aem3 : UART.oem3 (.const:UART_defaultParams)
                  00000b38    00000024     app_pem3.oem3 (.const:xdc_runtime_Startup_sfxnTab__A)
                  00000b5c    00000020     cllc.obj (.const:keyDeviceList$34)
                  00000b7c    0000001c     main.obj (.const:$O30$$)
                  00000b98    0000001c     rf_multiMode_cc13x0.aem3 : RFCC26XX_multiMode.oem3 (.const:RF_defaultParams)
                  00000bb4    00000018     CC13X0_LAUNCHXL.obj (.const:PowerCC26XX_config)
                  00000bcc    00000018     driverlib.lib : rfc.obj (.const:rfc_defaultIrqAddr$107)
                  00000be4    00000014     CC13X0_LAUNCHXL.obj (.const:GPIOCC26XX_config)
                  00000bf8    00000013     macstack.obj (.const:.string:msacbackSizeTable)
                  00000c0b    00000001     app_pem3.oem3 (.const:xdc_runtime_Text_charTab__A)
                  00000c0c    00000012     app_pem3.oem3 (.const:xdc_runtime_Startup_sfxnRts__A)
                  00000c1e    00000002     app_pem3.oem3 (.const:xdc_runtime_Text_unnamedModsLastId__C)
                  00000c20    00000010     CC13X0_LAUNCHXL.obj (.const:cryptoCC26XXHWAttrs)
                  00000c30    0000000c     CC13X0_LAUNCHXL.obj (.const:UART_config)
                  00000c3c    0000000c     app_pem3.oem3 (.const:xdc_runtime_Startup_firstFxns__A)
                  00000c48    0000000a     CC13X0_LAUNCHXL.obj (.const)
                  00000c52    00000002     --HOLE-- [fill = 0]
                  00000c54    00000008     maclib_secure.a : mac_rx.obj (.const:$O36$$)
                  00000c5c    00000008     CC13X0_LAUNCHXL.obj (.const:CryptoCC26XX_config)
                  00000c64    00000008     CC13X0_LAUNCHXL.obj (.const:PINCC26XX_hwAttrs)
                  00000c6c    00000008     app_pem3.oem3 (.const:ti_sysbios_knl_Idle_funcList__A)
                  00000c74    00000004     icall_cc2650.obj (.const:events$1$1)
                  00000c78    00000004     osaltasks.obj (.const:tasksArr)
                  00000c7c    00000004     app_pem3.oem3 (.const:ti_sysbios_family_arm_cc26xx_Timer_funcHookCH1__C)
                  00000c80    00000004     app_pem3.oem3 (.const:ti_sysbios_family_arm_cc26xx_Timer_funcHookCH2__C)
                  00000c84    00000004     app_pem3.oem3 (.const:ti_sysbios_family_arm_m3_Hwi_swiDisable__C)
                  00000c88    00000004     app_pem3.oem3 (.const:ti_sysbios_family_arm_m3_Hwi_swiRestoreHwi__C)
                  00000c8c    00000004     app_pem3.oem3 (.const:ti_sysbios_knl_Clock_tickPeriod__C)
                  00000c90    00000004     app_pem3.oem3 (.const:ti_sysbios_knl_Clock_triggerClock__C)
                  00000c94    00000004     app_pem3.oem3 (.const:xdc_runtime_SysCallback_flushFxn__C)
                  00000c98    00000004     app_pem3.oem3 (.const:xdc_runtime_SysCallback_putchFxn__C)
                  00000c9c    00000004     app_pem3.oem3 (.const:xdc_runtime_SysCallback_readyFxn__C)
                  00000ca0    00000004     app_pem3.oem3 (.const:xdc_runtime_System_extendFxn__C)
                  00000ca4    00000004     app_pem3.oem3 (.const:xdc_runtime_Text_visitRopeFxn__C)

.text      0    000014f0    00016a20     
                  000014f0    00000994     maclib_secure.a : mac.obj (.text:macRxCbSubG$75)
                  00001e84    00000810     main.obj (.text:taskFxn)
                  00002694    00000650     maclib_secure.a : mac_rx.obj (.text:rxPayloadIsr$80)
                  00002ce4    00000494     driverlib.lib : setup.obj (.text:TrimAfterColdResetWakeupFromShutDown$46)
                  00003178    0000045c     maclib_secure.a : fh_ie.obj (.text:FHIE_parsePie)
                  000035d4    00000438     icall_startup.obj (.text:startup_entry)
                  00003a0c    0000038c     maclib_secure.a : mac_mgmt.obj (.text:macBuildHeader)
                  00003d98    00000388                     : mac_radio.obj (.text:macRadioInitSubG)
                  00004120    00000374     rf_multiMode_cc13x0.aem3 : RFCC26XX_multiMode.oem3 (.text:RF_fsmActiveState)
                  00004494    00000370     maclib_secure.a : mac_mgmt.obj (.text:MAC_MlmeResetReq)
                  00004804    00000366     api_mac.obj (.text:processIncomingICallMsg$32)
                  00004b6a    00000002     cllc.obj (.text:Cllc_addSecDevice)
                  00004b6c    0000030c     drivers_cc13x0.aem3 : PowerCC26XX_calibrateRCOSC.oem3 (.text:PowerCC26XX_auxISR)
                  00004e78    0000030c     rom_sysbios.aem3 : rom_sysbios.obj (.text:xdc_runtime_System_doPrint__I)
                  00005184    000002ec     collector.obj (.text:processSensorData$35)
                  00005470    000002e0     maclib_secure.a : mac_radio_tx.obj (.text:macRadioTxGoSubG$79)
                  00005750    000002d8                     : mac_pwr.obj (.text:macPwrVote)
                  00005a28    000002c4                     : fh_api.obj (.text:FHAPI_getTxParams_old)
                  00005cec    000002c0                     : fh_ie.obj (.text:FHIE_gen)
                  00005fac    000002b8                     : fh_ie.obj (.text:FHIE_genPieContent)
                  00006264    000002b8     osal.obj (.text:osal_start_system)
                  0000651c    00000280     maclib_secure.a : mac_data.obj (.text:MAC_McpsDataReq)
                  0000679c    00000278                     : fh_api.obj (.text:FHAPI_start)
                  00006a14    00000254                     : fh_api.obj (.text:FHAPI_completeRxCb)
                  00006c68    0000023c     driverlib.lib : sys_ctrl.obj (.text:NOROM_SysCtrlSetRechargeBeforePowerDown)
                  00006ea4    00000224     drivers_cc13x0.aem3 : PowerCC26XX.oem3 (.text:Power_sleep)
                  000070c8    00000222     maclib_secure.a : mac_security.obj (.text:macIncomingFrameSecurityMaterialRetrieval)
                  000072ea    00000002     cllc.obj (.text:Cllc_securityFill)
                  000072ec    00000214     maclib_secure.a : mac_mgmt.obj (.text:macBuildCommonReq)
                  00007500    00000208     drivers_cc13x0.aem3 : CryptoCC26XX.oem3 (.text:cryptoTransactionExecute)
                  00007708    000001f0     maclib_secure.a : fh_api.obj (.text:FHAPI_sendData)
                  000078f8    000001f0                     : mac_coord.obj (.text:macRxBeaconReq)
                  00007ae8    000001e8     rf_multiMode_cc13x0.aem3 : RFCC26XX_multiMode.oem3 (.text:RF_open)
                  00007cd0    000001e8                              : RFCC26XX_multiMode.oem3 (.text:RF_scheduleCmd)
                  00007eb8    000001d4     macstack.obj (.text:macStackEventLoop)
                  0000808c    000001cc     maclib_secure.a : fh_ie.obj (.text:FHIE_extractPie)
                  00008258    000001c8                     : mac_scan.obj (.text:macApiScanReq)
                  00008420    000001c0                     : mac_security_pib.obj (.text:MAC_MlmeGetSecurityReq)
                  000085e0    000001b8     drivers_cc13x0.aem3 : PINCC26XX.oem3 (.text:PIN_init)
                  00008798    000001b0     maclib_secure.a : mac_data.obj (.text:macApiDataReq)
                  00008948    000001ac                     : fh_ie.obj (.text:FHIE_parseCommonInformation)
                  00008af4    0000019c                     : fh_pib.obj (.text:FHPIB_set)
                  00008c90    00000198                     : fh_nt.obj (.text:FHNT_getEntry)
                  00008e28    00000198     cllc.obj (.text:wsAsyncIndCb$34)
                  00008fc0    00000194     maclib_secure.a : mac_tx.obj (.text:macTxFrame)
                  00009154    00000194     main.obj (.text:main)
                  000092e8    00000190     drivers_cc13x0.aem3 : PowerCC26XX_calibrateRCOSC.oem3 (.text:PowerCC26XX_doCalibrate)
                  00009478    00000188     maclib_secure.a : mac_pib.obj (.text:MAC_MlmeSetReq)
                  00009600    00000184                     : mac_ie_build.obj (.text:macBuildPayloadIes)
                  00009784    00000178     driverlib.lib : crypto.obj (.text:NOROM_CRYPTOCcmInvAuthDecrypt)
                  000098fc    00000174     rf_multiMode_cc13x0.aem3 : RFCC26XX_multiMode.oem3 (.text:RF_fsmSetupState)
                  00009a70    00000170     driverlib.lib : crypto.obj (.text:NOROM_CRYPTOCcmAuthEncrypt)
                  00009be0    00000170     cllc.obj (.text:sendAsyncReq$34)
                  00009d50    00000164     maclib_secure.a : mac_mgmt.obj (.text:macTxCsmaDelay)
                  00009eb4    0000015c                     : fh_api.obj (.text:FHAPI_completeTxCb)
                  0000a010    0000015c     drivers_cc13x0.aem3 : UARTCC26XX.oem3 (.text:UARTCC26XX_open)
                  0000a16c    0000015c     maclib_secure.a : mac_data.obj (.text:macTxCompleteCallback)
                  0000a2c8    00000158                     : mac_radio_tx.obj (.text:macRadioCsmaTxCbSubG$79)
                  0000a420    00000148     drivers_cc13x0.aem3 : UARTCC26XX.oem3 (.text:UARTCC26XX_hwiIntFxn)
                  0000a568    00000148     maclib_secure.a : mac_mgmt.obj (.text:macApiDisassociateReq)
                  0000a6b0    00000144     rf_multiMode_cc13x0.aem3 : RFCC26XX_multiMode.oem3 (.text:RF_radioOpDoneCb)
                  0000a7f4    00000140     nvocop.obj (.text:compactPage$29)
                  0000a934    00000140     maclib_secure.a : mac_coord.obj (.text:macApiAssociateRsp)
                  0000aa74    00000138     rf_multiMode_cc13x0.aem3 : RFCC26XX_multiMode.oem3 (.text:RF_ratSetupChannel)
                  0000abac    00000134     cllc.obj (.text:Cllc_init)
                  0000ace0    00000134     maclib_secure.a : mac.obj (.text:macSendReceiveCmdSubG)
                  0000ae14    0000012c                     : mac_coord.obj (.text:macApiStartReq)
                  0000af40    00000128                     : fh_nt.obj (.text:FHNT_purgeTimerIsrCb)
                  0000b068    00000128     rf_multiMode_cc13x0.aem3 : RFCC26XX_multiMode.oem3 (.text:RF_abortCmd)
                  0000b190    00000128     collector.obj (.text:generateTrackingRequests$35)
                  0000b2b8    00000124     rf_multiMode_cc13x0.aem3 : RFCC26XX_multiMode.oem3 (.text:RF_fsmChangePhyState)
                  0000b3dc    00000124     maclib_secure.a : mac_mgmt.obj (.text:macApiWSAsyncReq)
                  0000b500    00000120                     : mac_data.obj (.text:macAllocTxBuffer)
                  0000b620    0000011c     drivers_cc13x0.aem3 : UARTCC26XX.oem3 (.text:UARTCC26XX_read)
                  0000b73c    00000114                         : PowerCC26XX.oem3 (.text:Power_init)
                  0000b850    00000110     rf_multiMode_cc13x0.aem3 : RFCC26XX_multiMode.oem3 (.text:RF_close)
                  0000b960    00000110     collector.obj (.text:dataCnfCB$35)
                  0000ba70    00000110     maclib_secure.a : mac.obj (.text:macSetupRATChanCompare)
                  0000bb80    00000104                     : mac.obj (.text:macRatCb_B)
                  0000bc84    00000100                     : fh_nt.obj (.text:FHNT_getRemoveEntryFromTemp)
                  0000bd84    00000100     drivers_cc13x0.aem3 : GPIOCC26XX.oem3 (.text:GPIO_setConfig)
                  0000be84    00000100     rf_multiMode_cc13x0.aem3 : RFCC26XX_multiMode.oem3 (.text:RF_dispatchNextCmd)
                  0000bf84    000000fc     drivers_cc13x0.aem3 : UARTCC26XX.oem3 (.text:UARTCC26XX_write)
                  0000c080    000000f8     maclib_secure.a : fh_ie.obj (.text:FHIE_genCommonInformation)
                  0000c178    000000f8     app_pem3.oem3 (.text:xdc_runtime_System_printfExtend__I)
                  0000c270    000000f4     rf_multiMode_cc13x0.aem3 : RFCC26XX_multiMode.oem3 (.text:RF_getInfo)
                  0000c364    000000f4     maclib_secure.a : mac_radio_tx.obj (.text:macRadioTxPrepCsmaUnslottedSubG)
                  0000c458    000000f4                     : mac_mgmt.obj (.text:macSetDefaultsByPhyID)
                  0000c54c    000000f0     csf.obj (.text:Csf_deviceUpdate)
                  0000c63c    000000f0     maclib_secure.a : fh_mgr.obj (.text:FHMGR_bcTimerIsrCb)
                  0000c72c    000000f0     driverlib.lib : rfc.obj (.text:NOROM_RFCOverrideUpdate)
                  0000c81c    000000f0                   : setup.obj (.text:NOROM_SetupTrimDevice)
                  0000c90c    000000f0     rf_multiMode_cc13x0.aem3 : RFCC26XX_multiMode.oem3 (.text:RF_pendCmd)
                  0000c9fc    000000ec     maclib_secure.a : mac_scan.obj (.text:macScanNextChan)
                  0000cae8    000000e8                     : fh_ie.obj (.text:FHIE_parseHie)
                  0000cbd0    000000e4                     : fh_api.obj (.text:FHAPI_getTxParams)
                  0000ccb4    000000e4                     : fh_nt.obj (.text:FHNT_addTempEUI)
                  0000cd98    000000e4     dpl_cc13x0.aem3 : PowerCC26XX_tirtos.oem3 (.text:PowerCC26XX_standbyPolicy)
                  0000ce7c    000000e4     maclib_secure.a : mac_radio_tx.obj (.text:macRadioTxAck$79)
                  0000cf60    000000e4                     : mac_radio_tx.obj (.text:macRadioTxPrepCsmaSlottedSubG)
                  0000d044    000000e0     collector.obj (.text:Collector_sendConfigRequest)
                  0000d124    000000e0     rf_multiMode_cc13x0.aem3 : RFCC26XX_multiMode.oem3 (.text:RF_fsmPowerUpState)
                  0000d204    000000e0                              : RFCC26XX_multiMode.oem3 (.text:RF_requestAccess)
                  0000d2e4    000000e0     maclib_secure.a : mac_coord.obj (.text:macIndirectSend)
                  0000d3c4    000000e0     api_mac.obj (.text:parsePayloadIEs$32)
                  0000d4a4    000000dc     drivers_cc13x0.aem3 : PINCC26XX.oem3 (.text:PINCC26XX_setIoCfg)
                  0000d580    000000dc     collector.obj (.text:dataIndCB$35)
                  0000d65c    000000dc     maclib_secure.a : mac_mgmt.obj (.text:macCommStatusInd)
                  0000d738    000000d8     rf_multiMode_cc13x0.aem3 : RFCC26XX_multiMode.oem3 (.text:RF_howToSchedule)
                  0000d810    000000d4     drivers_cc13x0.aem3 : CryptoCC26XX.oem3 (.text:CryptoCC26XX_open)
                  0000d8e4    000000d4     driverlib.lib : rfc.obj (.text:NOROM_RFCRfTrimRead)
                  0000d9b8    000000d4     maclib_secure.a : mac_radio_tx.obj (.text:macRadioLbtTxCb)
                  0000da8c    000000d4                     : mac_coord.obj (.text:macStartContinue)
                  0000db60    000000d0     macstack.obj (.text:MAC_CbackEvent)
                  0000dc30    000000d0     maclib_secure.a : mac_data.obj (.text:macDataTxSend)
                  0000dd00    000000d0                     : mac.obj (.text:macRatCb_A)
                  0000ddd0    000000d0                     : mac_scan.obj (.text:macScanRxBeacon)
                  0000dea0    000000d0                     : mac_main.obj (.text:macSendDataMsg)
                  0000df70    000000cc     driverlib.lib : crypto.obj (.text:NOROM_CRYPTOAesCbc)
                  0000e03c    000000cc     nvocop.obj (.text:NVOCOP_writeItem)
                  0000e108    000000cc     rf_multiMode_cc13x0.aem3 : RFCC26XX_multiMode.oem3 (.text:RF_swiHw)
                  0000e1d4    000000cc     maclib_secure.a : mac_ie_build.obj (.text:macBuildHeaderIes)
                  0000e2a0    000000cc                     : mac_security.obj (.text:macOutgoingFrameKeyDescRetrieval)
                  0000e36c    000000c8                     : mac_security.obj (.text:macCcmStarTransform)
                  0000e434    000000c8                     : mac_data.obj (.text:macDataTxEnqueue)
                  0000e4fc    000000c8                     : mac_coord.obj (.text:macIndirectExpire)
                  0000e5c4    000000c4                     : fh_data.obj (.text:FHDATA_procASYNCReq)
                  0000e688    000000c4     rf_multiMode_cc13x0.aem3 : RFCC26XX_multiMode.oem3 (.text:RF_hwiCpe0Active)
                  0000e74c    000000c4     maclib_secure.a : mac.obj (.text:macSendFsCmd)
                  0000e810    000000be                     : fh_ie.obj (.text:FHIE_getLen)
                  0000e8ce    00000002     cllc.obj (.text:Cllc_securityInit)
                  0000e8d0    000000bc     maclib_secure.a : fh_nt.obj (.text:FHNT_AddDeviceCB)
                  0000e98c    000000bc     drivers_cc13x0.aem3 : GPIOCC26XX.oem3 (.text:GPIO_init)
                  0000ea48    000000bc                         : PowerCC26XX.oem3 (.text:Power_releaseDependency)
                  0000eb04    000000bc     maclib_secure.a : mac_tx.obj (.text:macTxFrameIsr)
                  0000ebc0    000000b8                     : fh_ie.obj (.text:FHIE_getPieContentLen)
                  0000ec78    000000b8     collector.obj (.text:cllcStartedCB$35)
                  0000ed30    000000b8     maclib_secure.a : mac_mgmt.obj (.text:macBuildBeaconNotifyInd)
                  0000ede8    000000b8                     : mac_coord.obj (.text:macCoordReset)
                  0000eea0    000000b4     drivers_cc13x0.aem3 : PowerCC26XX.oem3 (.text:Power_setDependency)
                  0000ef54    000000b4     rf_multiMode_cc13x0.aem3 : RFCC26XX_multiMode.oem3 (.text:RF_control)
                  0000f008    000000b4     maclib_secure.a : mac_rx.obj (.text:rxPostRxUpdates$80)
                  0000f0bc    000000ac     rf_multiMode_cc13x0.aem3 : RFCC26XX_multiMode.oem3 (.text:RF_schChkCmdInsert)
                  0000f168    000000ac     maclib_secure.a : mac_tx.obj (.text:macTxChannelBusyCallback)
                  0000f214    000000ac     api_mac.obj (.text:processBeaconNotifyInd$32)
                  0000f2c0    000000aa     maclib_secure.a : fh_ie.obj (.text:FHIE_genExcludedChannelRanges)
                  0000f36a    00000002                     : fh_data.obj (.text:FHDATA_startEDFETimer)
                  0000f36c    000000a6     rom_sysbios.aem3 : rom_sysbios.obj (.text:xdc_runtime_Text_putSite__E)
                  0000f412    00000002     maclib_secure.a : fh_util.obj (.text:FHUTIL_noAction)
                  0000f414    000000a4     driverlib.lib : crypto.obj (.text:NOROM_CRYPTOAesEcb)
                  0000f4b8    000000a4     rf_multiMode_cc13x0.aem3 : RFCC26XX_multiMode.oem3 (.text:RF_ratRestartChannels)
                  0000f55c    000000a4     drivers_cc13x0.aem3 : UARTCC26XX.oem3 (.text:UARTCC26XX_initHw)
                  0000f600    000000a4     osal.obj (.text:osal_set_event)
                  0000f6a4    000000a4     drivers_cc13x0.aem3 : PowerCC26XX.oem3 (.text:switchXOSCHFclockFunc)
                  0000f748    000000a0     csf.obj (.text:Csf_getDevice)
                  0000f7e8    000000a0     maclib_secure.a : fh_ie.obj (.text:FHIE_getChannelPlan)
                  0000f888    000000a0     cllc.obj (.text:assocIndCb$34)
                  0000f928    000000a0     auto_init.aem3 : auto_init.oem3 (.text)
                  0000f9c8    000000a0     nvocop.obj (.text:findItemOffset$29)
                  0000fa68    000000a0     maclib_secure.a : mac_tx.obj (.text:txCsmaPrep$84)
                  0000fb08    000000a0     nvocop.obj (.text:writeItem$29)
                  0000fba8    0000009c     maclib_secure.a : fh_api.obj (.text:FHAPI_reset)
                  0000fc44    0000009c     csf.obj (.text:findBlackListIndex$36)
                  0000fce0    0000009c     maclib_secure.a : mac_radio_tx.obj (.text:macRadioTxPrepLbt)
                  0000fd7c    0000009c     rtsv7M3_T_le_eabi.lib : memcpy_t2.asm.obj (.text)
                  0000fe18    00000098     maclib_secure.a : fh_data.obj (.text:FHDATA_getPktFromQueue)
                  0000feb0    00000098                     : fh_mgr.obj (.text:FHMGR_updateRadioBCChannel)
                  0000ff48    00000098     nvocop.obj (.text:NVOCOP_deleteItem)
                  0000ffe0    00000098     drivers_cc13x0.aem3 : PINCC26XX.oem3 (.text:PIN_open)
                  00010078    00000098     rf_multiMode_cc13x0.aem3 : RFCC26XX_multiMode.oem3 (.text:RF_calculateDispatchTime)
                  00010110    00000098     drivers_cc13x0.aem3 : UARTCC26XX.oem3 (.text:UARTCC26XX_initIO)
                  000101a8    00000098                         : UARTCC26XX.oem3 (.text:UARTCC26XX_swiIntFxn)
                  00010240    00000098     maclib_secure.a : mac_coord.obj (.text:macBuildRealign)
                  000102d8    00000098                     : mac_coord.obj (.text:macIndirectMark)
                  00010370    00000098                     : mac_mgmt.obj (.text:macRxBeacon)
                  00010408    00000098     rom_sysbios.aem3 : rom_sysbios.obj (.text:ti_sysbios_knl_Clock_workFuncDynamic__E)
                  000104a0    00000098                      : rom_sysbios.obj (.text:xdc_runtime_Text_putMod__E)
                  00010538    00000096     rtsv7M3_T_le_eabi.lib : ull_div_t2.asm.obj (.text)
                  000105ce    00000002     rf_multiMode_cc13x0.aem3 : RFCC26XX_multiMode.oem3 (.text:RF_defaultCallback)
                  000105d0    00000094     csf.obj (.text:Csf_updateFrameCounter)
                  00010664    00000094     maclib_secure.a : fh_nt.obj (.text:FHNT_getNTIndexFromTempIndex)
                  000106f8    00000094     driverlib.lib : crypto.obj (.text:NOROM_CRYPTOAesLoadKey)
                  0001078c    00000094     board_led.obj (.text:board_led_blinkTimeoutCB$7)
                  00010820    00000094     maclib_secure.a : mac_main.obj (.text:macCbackForEvent)
                  000108b4    00000094                     : mac_hl_patch.obj (.text:macCcmDecrypt)
                  00010948    00000094                     : mac_security.obj (.text:macCcmStarInverseTransform)
                  000109dc    00000090     rf_multiMode_cc13x0.aem3 : RFCC26XX_multiMode.oem3 (.text:RF_discardPendCmd)
                  00010a6c    00000090     collector.obj (.text:sendMsg$35)
                  00010afc    00000090     rom_sysbios.aem3 : rom_sysbios.obj (.text:ti_sysbios_family_arm_cc26xx_Timer_start__E)
                  00010b8c    0000008c     drivers_cc13x0.aem3 : UARTCC26XX.oem3 (.text:UARTCC26XX_close)
                  00010c18    0000008c     api_mac.obj (.text:copyDataInd$32)
                  00010ca4    0000008c     cllc.obj (.text:disassocIndCb$34)
                  00010d30    0000008c     maclib_secure.a : mac_hl_patch.obj (.text:macCcmEncrypt)
                  00010dbc    0000008c                     : mac_data.obj (.text:macDataTxComplete)
                  00010e48    0000008a     drivers_cc13x0.aem3 : CryptoCC26XX.oem3 (.text:CryptoCC26XX_allocateKey)
                  00010ed2    0000008a     maclib_secure.a : fh_ie.obj (.text:FHIE_extractHie)
                  00010f5c    00000088     driverlib.lib : osc.obj (.text:NOROM_OSCHF_GetStartupTime)
                  00010fe4    00000088     drivers_cc13x0.aem3 : UARTCC26XX.oem3 (.text:UARTCC26XX_writeCancel)
                  0001106c    00000088     maclib_secure.a : mac_mcu.obj (.text:macMcuBitReverse)
                  000110f4    00000088                     : mac_timer.obj (.text:macTimerCancel)
                  0001117c    00000088     osal.obj (.text:osal_msg_receive)
                  00011204    00000084     rf_multiMode_cc13x0.aem3 : RFCC26XX_multiMode.oem3 (.text:RF_issueRadioFreeCb)
                  00011288    00000084     maclib_secure.a : mac_coord.obj (.text:macApiPurgeReq)
                  0001130c    00000080     rf_multiMode_cc13x0.aem3 : RFCC26XX_multiMode.oem3 (.text:RF_hwiHw)
                  0001138c    00000080     maclib_secure.a : mac_coord.obj (.text:macRxDataReq)
                  0001140c    00000080     mac_user_config.obj (.text:rf_patch_rfe_genfsk$37)
                  0001148c    00000080     maclib_secure.a : mac_tx.obj (.text:txComplete)
                  0001150c    0000007c     board_led.obj (.text:Board_Led_control)
                  00011588    0000007c     csf.obj (.text:Csf_getDeviceItem)
                  00011604    0000007c     driverlib.lib : crypto.obj (.text:NOROM_CRYPTOCcmInvAuthDecryptResultGet)
                  00011680    0000007c     rf_multiMode_cc13x0.aem3 : RFCC26XX_multiMode.oem3 (.text:RF_ratFreeChannel)
                  000116fc    0000007c     csf.obj (.text:findDeviceListIndex$36)
                  00011778    0000007c     maclib_secure.a : mac_radio.obj (.text:macRadioUpdateChannelRx)
                  000117f4    0000007a     rtsv7M3_T_le_eabi.lib : memset_t2.asm.obj (.text)
                  0001186e    00000002                           : _lock.c.obj (.text:_nop)
                  00011870    00000078     maclib_secure.a : mac_radio_tx.obj (.text:macRadioTxAckCb$79)
                  000118e8    00000078                     : mac_radio.obj (.text:macRadioUpdateChannel)
                  00011960    00000078                     : mac_radio.obj (.text:macRadioUpdateTxPower)
                  000119d8    00000078                     : mac_scan.obj (.text:macScanStartTimer)
                  00011a50    00000078     osal_pwrmgr.obj (.text:osal_pwrmgr_task_state)
                  00011ac8    00000078     cllc.obj (.text:sendStartReq$34)
                  00011b40    00000078     drivers_cc13x0.aem3 : UARTCC26XX.oem3 (.text:writeTxFifoFlush)
                  00011bb8    00000076     maclib_secure.a : mac_security.obj (.text:macKeyDescriptorLookup)
                  00011c2e    00000002     drivers_cc13x0.aem3 : PowerCC26XX.oem3 (.text:emptyClockFunc)
                  00011c30    00000074     csf.obj (.text:Csf_setTrickleClock)
                  00011ca4    00000074     maclib_secure.a : fh_util.obj (.text:FHUTIL_getCurBfio)
                  00011d18    00000074     icall_cc2650.obj (.text:ICallPlatform_pwrUpdActivityCounter)
                  00011d8c    00000074     rf_multiMode_cc13x0.aem3 : RFCC26XX_multiMode.oem3 (.text:RF_yield)
                  00011e00    00000074     maclib_secure.a : mac_mcu.obj (.text:macMcuOverflowSetCompare)
                  00011e74    00000070                     : fh_api.obj (.text:FHAPI_startBS)
                  00011ee4    00000070                     : fh_dh1cf.obj (.text:FHDH1CF_getBCChannelNum)
                  00011f54    00000070                     : mac_mcu.obj (.text:macMcuOverflowSetPeriod)
                  00011fc4    00000070                     : mac_tx.obj (.text:macTxAckReceivedCallback)
                  00012034    00000070     nvocop.obj (.text:writeWord$29)
                  000120a4    0000006e     rtsv7M3_T_le_eabi.lib : ll_div_t2.asm.obj (.text)
                  00012112    00000002     maclib_secure.a : mac_pwr.obj (.text:macApiPwrOnReq)
                  00012114    0000006d     rom_sysbios.aem3 : rom_sysbios.obj (.text:xdc_runtime_System_formatNum__I)
                  00012181    00000001     --HOLE-- [fill = 0]
                  00012182    00000002     maclib_secure.a : mac.obj (.text:macClientSwitchCb)
                  00012184    0000006c                     : fh_nt.obj (.text:FHNT_putEntry)
                  000121f0    0000006c     drivers_cc13x0.aem3 : PowerCC26XX_calibrateRCOSC.oem3 (.text:PowerCC26XX_initiateCalibration)
                  0001225c    0000006c     rf_multiMode_cc13x0.aem3 : RFCC26XX_multiMode.oem3 (.text:RF_ratDisableChannel)
                  000122c8    0000006c     nvocop.obj (.text:findItemInCache$29)
                  00012334    0000006c     maclib_secure.a : mac_mgmt.obj (.text:macDisassocComplete)
                  000123a0    0000006c                     : mac_main.obj (.text:macExecute)
                  0001240c    0000006c                     : mac_main.obj (.text:macSendMsg)
                  00012478    00000068                     : fh_data.obj (.text:FHDATA_purgePktFromQueue)
                  000124e0    00000068     driverlib.lib : sys_ctrl.obj (.text:NOROM_SysCtrlAdjustRechargeAfterPowerDown)
                  00012548    00000068                   : sys_ctrl.obj (.text:NOROM_SysCtrl_DCDC_VoltageConditionalControl)
                  000125b0    00000068     drivers_cc13x0.aem3 : UARTCC26XX.oem3 (.text:UARTCC26XX_readCancel)
                  00012618    00000068     mac_user_config.obj (.text:applyGenfskPatch$37)
                  00012680    00000068     rtsv7M3_T_le_eabi.lib : copy_decompress_lzss.c.obj (.text:decompress:lzss:__TI_decompress_lzss)
                  000126e8    00000068     drivers_cc13x0.aem3 : PowerCC26XX.oem3 (.text:lfClockReadyCallback)
                  00012750    00000068     maclib_secure.a : mac_radio_tx.obj (.text:macRadioSendImmAckSubG$79)
                  000127b8    00000068                     : mac_rx_onoff.obj (.text:macRxOn)
                  00012820    00000068     cllc.obj (.text:maintainAssocTable$34)
                  00012888    00000068     maclib_secure.a : mac_tx.obj (.text:txGo$84)
                  000128f0    00000064     driverlib.lib : osc.obj (.text:NOROM_OSCHF_AttemptToSwitchToXosc)
                  00012954    00000064                   : setup_rom.obj (.text:NOROM_SetupGetTrimForAnabypassValue1)
                  000129b8    00000064     drivers_cc13x0.aem3 : PINCC26XX.oem3 (.text:PIN_add)
                  00012a1c    00000064     rf_multiMode_cc13x0.aem3 : RFCC26XX_multiMode.oem3 (.text:RF_checkForPreemption)
                  00012a80    00000064     drivers_cc13x0.aem3 : PowerCC26XX.oem3 (.text:configureXOSCHF)
                  00012ae4    00000064     maclib_secure.a : mac_coord.obj (.text:macApiOrphanRsp)
                  00012b48    00000064                     : mac_symbol_timer.obj (.text:macSymbolTimerInit)
                  00012bac    00000064     osal.obj (.text:osal_msg_enqueue_push$19)
                  00012c10    00000062     maclib_secure.a : mac_mgmt.obj (.text:macBuildWSAsyncMsg)
                  00012c72    00000002                     : mac_mcu.obj (.text:macMcuInit)
                  00012c74    00000060     cllc.obj (.text:Cllc_restoreNetwork)
                  00012cd4    00000060     maclib_secure.a : fh_ie.obj (.text:FHIE_getCcaSfdTime)
                  00012d34    00000060     driverlib.lib : osc.obj (.text:NOROM_OSCClockSourceSet)
                  00012d94    00000060     drivers_cc13x0.aem3 : PowerCC26XX.oem3 (.text:PowerCC26XX_calibrate)
                  00012df4    00000060     rf_multiMode_cc13x0.aem3 : RFCC26XX_multiMode.oem3 (.text:RF_dispatchNextEvent)
                  00012e54    00000060                              : RFCC26XX_multiMode.oem3 (.text:RF_getCurrentTime)
                  00012eb4    00000060     drivers_cc13x0.aem3 : UARTCC26XX.oem3 (.text:UARTCC26XX_control)
                  00012f14    00000060     csf.obj (.text:findUnusedDeviceListIndex$36)
                  00012f74    00000060     maclib_secure.a : mac_coord.obj (.text:macIndirectTxFrame)
                  00012fd4    00000060                     : mac_radio_tx.obj (.text:macRadioTxBackoffBoundary)
                  00013034    00000060                     : mac_mgmt.obj (.text:macRxDisassoc)
                  00013094    00000060                     : mac_rx.obj (.text:macRxHaltCleanup)
                  000130f4    00000060                     : mac_scan.obj (.text:macScanComplete)
                  00013154    00000060     osal.obj (.text:osal_msg_send)
                  000131b4    00000060     collector.obj (.text:processDataRetry$35)
                  00013214    0000005f     rom_sysbios.aem3 : rom_sysbios.obj (.text:xdc_runtime_Text_putLab__E)
                  00013273    00000001     --HOLE-- [fill = 0]
                  00013274    0000005e     maclib_secure.a : fh_mgr.obj (.text:FHMGR_updateRadioUCChannel)
                  000132d2    00000002                     : mac_mgmt.obj (.text:macNoAction)
                  000132d4    0000005c     drivers_cc13x0.aem3 : PowerCC26XX_calibrateRCOSC.oem3 (.text:PowerCC26XX_RCOSC_clockFunc)
                  00013330    0000005c     rf_multiMode_cc13x0.aem3 : RFCC26XX_multiMode.oem3 (.text:RF_hwiCpe0PowerFsm)
                  0001338c    0000005c                              : RFCC26XX_multiMode.oem3 (.text:RF_syncCb)
                  000133e8    0000005c     maclib_secure.a : mac_timer.obj (.text:macTimerUpdateSymbolTimer)
                  00013444    0000005c     app_pem3.oem3 (.text:xdc_runtime_Startup_getState__I)
                  000134a0    00000058     maclib_secure.a : fh_data.obj (.text:FHDATA_requeuePkt)
                  000134f8    00000058                     : fh_nt.obj (.text:FHNT_DelDeviceCB)
                  00013550    00000058                     : fh_util.obj (.text:FHUTIL_getBitCounts)
                  000135a8    00000058                     : mac_mgmt.obj (.text:MAC_ResumeReq)
                  00013600    00000058     drivers_cc13x0.aem3 : PINCC26XX.oem3 (.text:PIN_remove)
                  00013658    00000058     rf_multiMode_cc13x0.aem3 : RFCC26XX_multiMode.oem3 (.text:RF_TxPowerTable_findValue)
                  000136b0    00000058                              : RFCC26XX_multiMode.oem3 (.text:RF_cmdDispatchTime)
                  00013708    00000058     maclib_secure.a : mac_rx_onoff.obj (.text:macRxOffRequest)
                  00013760    00000058                     : mac_timer.obj (.text:macTimerAddTimer)
                  000137b8    00000058     collector.obj (.text:sendBroadcastMsg$35)
                  00013810    00000056     maclib_secure.a : mac_data.obj (.text:macFrameDurationSubG)
                  00013866    00000054     drivers_cc13x0.aem3 : CryptoCC26XX.oem3 (.text:CryptoCC26XX_close)
                  000138ba    00000002     maclib_secure.a : mac_symbol_timer.obj (.text:macSymbolTimerICallPwrNotify$83)
                  000138bc    00000054                     : fh_sm.obj (.text:FHSM_event)
                  00013910    00000054     uart_printf.obj (.text:UartPrintf_flush)
                  00013964    00000054     maclib_secure.a : mac_ie_parse.obj (.text:macUpdatePayloadIEPtr)
                  000139b8    00000054     drivers_cc13x0.aem3 : GPIOCC26XX.oem3 (.text:powerPostNotify)
                  00013a0c    00000054     api_mac.obj (.text:processScanCnf$32)
                  00013a60    00000054     collector.obj (.text:sendTrackingRequest$35)
                  00013ab4    00000052     maclib_secure.a : fh_ie.obj (.text:FHIE_genExcludedChannelMask)
                  00013b06    00000052                     : fh_ie.obj (.text:FHIE_getSubPie)
                  00013b58    00000050     dpl_cc13x0.aem3 : ClockP_tirtos.oem3 (.text:ClockP_construct)
                  00013ba8    00000050     maclib_secure.a : fh_mgr.obj (.text:FHMGR_macStartFHTimer)
                  00013bf8    00000050                     : fh_mgr.obj (.text:FHMGR_ucTimerIsrCb)
                  00013c48    00000050                     : fh_nt.obj (.text:FHNT_getEUI)
                  00013c98    00000050     driverlib.lib : crypto.obj (.text:NOROM_CRYPTOCcmAuthEncryptResultGet)
                  00013ce8    00000050     rf_multiMode_cc13x0.aem3 : RFCC26XX_multiMode.oem3 (.text:RF_applyRfCorePatch)
                  00013d38    00000050                              : RFCC26XX_multiMode.oem3 (.text:RF_fsmXOSCState)
                  00013d88    00000050                              : RFCC26XX_multiMode.oem3 (.text:RF_wakeupNotification)
                  00013dd8    00000050     maclib_secure.a : mac_radio.obj (.text:macRadioSetChannel)
                  00013e28    00000050                     : mac_symbol_timer.obj (.text:macSymbolTimerSetRollover)
                  00013e78    00000050     drivers_cc13x0.aem3 : UARTCC26XX.oem3 (.text:startTxFifoEmptyClk)
                  00013ec8    0000004e     maclib_secure.a : fh_dh1cf.obj (.text:FHDH1CF_mapChIdxChannel)
                  00013f16    00000002     rtsv7M3_T_le_eabi.lib : div0.asm.obj (.text)
                  00013f18    0000004c     maclib_secure.a : fh_pib.obj (.text:FHPIB_get)
                  00013f64    0000004c     drivers_cc13x0.aem3 : GPIOCC26XX.oem3 (.text:GPIO_enableInt)
                  00013fb0    0000004c     rtsv7M3_T_le_eabi.lib : cpy_tbl.c.obj (.text:copy_in)
                  00013ffc    0000004c     maclib_secure.a : mac.obj (.text:macFsCb$75)
                  00014048    0000004c                     : mac_radio.obj (.text:macGetRadioTxPowerReg)
                  00014094    0000004c                     : mac_coord.obj (.text:macIndirectRequeueFrame)
                  000140e0    0000004c                     : mac_radio.obj (.text:macRadioWakeupCb)
                  0001412c    0000004c                     : mac_symbol_timer.obj (.text:macSymbolTimerEventHandler$83)
                  00014178    0000004c                     : mac_tx.obj (.text:macTxAckNotReceivedCallback)
                  000141c4    0000004a     macstack.obj (.text:icall_slimMsgParser)
                  0001420e    00000002     rom_sysbios.aem3 : rom_sysbios.obj (.text:ti_sysbios_BIOS_linkedWithIncorrectBootLibrary__E)
                  00014210    00000048     board_lcd.obj (.text:Board_Lcd_writeStringValue)
                  00014258    00000048     csf.obj (.text:Csf_getNumDeviceListEntries)
                  000142a0    00000048     drivers_cc13x0.aem3 : PINCC26XX.oem3 (.text:PIN_setOutputEnable)
                  000142e8    00000048     timer.obj (.text:Timer_construct)
                  00014330    00000048     util.obj (.text:Util_itoa)
                  00014378    00000048     csf.obj (.text:getNumBlackListEntries$36)
                  000143c0    00000048     maclib_secure.a : mac_coord.obj (.text:macRxAssociateReq)
                  00014408    00000048                     : mac_rx.obj (.text:macRxNokIsr)
                  00014450    00000048                     : mac.obj (.text:macSetupFsCmd)
                  00014498    00000048                     : mac.obj (.text:macSetupReceiveCmd)
                  000144e0    00000048     drivers_cc13x0.aem3 : UARTCC26XX.oem3 (.text:writeFinishedDoCallback)
                  00014528    00000046     maclib_secure.a : fh_dh1cf.obj (.text:FHDH1CF_getCh)
                  0001456e    00000046                     : fh_ie.obj (.text:FHIE_getCommonInformationLen)
                  000145b4    00000044                     : fh_api.obj (.text:FHAPI_getRemDT)
                  000145f8    00000044                     : mac_pib.obj (.text:MAC_MlmeGetReq)
                  0001463c    00000044     drivers_cc13x0.aem3 : RingBuf.oem3 (.text:RingBuf_put)
                  00014680    00000044     boot.aem3 : boot.oem3 (.text)
                  000146c4    00000044     nvocop.obj (.text:erasePage$29)
                  00014708    00000044     maclib_secure.a : mac.obj (.text:macStopCmd)
                  0001474c    00000044                     : mac_main.obj (.text:mac_msg_deallocate)
                  00014790    00000044     rom_sysbios.aem3 : rom_sysbios.obj (.text:xdc_runtime_Text_xprintf__I)
                  000147d4    00000042     api_mac.obj (.text:copyMacPanDescToApiMacPanDesc$32)
                  00014816    00000002     app_pem3.oem3 (.text:ti_sysbios_BIOS_nullFunc__I)
                  00014818    00000040     maclib_secure.a : fh_dh1cf.obj (.text:FHDH1CF_hashword)
                  00014858    00000040                     : fh_nt.obj (.text:FHNT_delTempIndex)
                  00014898    00000040                     : fh_util.obj (.text:FHUTIL_getCurUfsi)
                  000148d8    00000040     hal_trng_wrapper.obj (.text:HalTRNG_GetTRNG)
                  00014918    00000040     osal.obj (.text:ICall_setTimer$19)
                  00014958    00000040     maclib_secure.a : mac_symbol_timer.obj (.text:ICall_setTimer$83)
                  00014998    00000040                     : mac_tx.obj (.text:ICall_setTimer$84)
                  000149d8    00000040     driverlib.lib : chipinfo.obj (.text:NOROM_ChipInfo_GetHwRevision)
                  00014a18    00000040     nvocop.obj (.text:NVOCOP_initNV)
                  00014a58    00000040     drivers_cc13x0.aem3 : PINCC26XX.oem3 (.text:PIN_swi)
                  00014a98    00000040     rf_multiMode_cc13x0.aem3 : RFCC26XX_multiMode.oem3 (.text:RF_setTxPower)
                  00014ad8    00000040     drivers_cc13x0.aem3 : UART.oem3 (.text:UART_init)
                  00014b18    00000040                         : UART.oem3 (.text:UART_open)
                  00014b58    00000040     maclib_secure.a : mac_hl_patch.obj (.text:macCheckPhyRate)
                  00014b98    00000040     rtsv7M3_T_le_eabi.lib : u_divt2.asm.obj (.text)
                  00014bd8    00000040     rom_sysbios.aem3 : rom_sysbios.obj (.text:ti_sysbios_family_arm_cc26xx_Timer_setThreshold__I)
                  00014c18    0000003e     dpl_cc13x0.aem3 : HwiP_tirtos.oem3 (.text:HwiP_construct)
                  00014c56    0000003e     drivers_cc13x0.aem3 : RingBuf.oem3 (.text:RingBuf_get)
                  00014c94    0000003c     maclib_secure.a : fh_mgr.obj (.text:FHMGR_updateHopping)
                  00014cd0    0000003c     icall_cc2650.obj (.text:ICallPlatform_pwrConfigACAction)
                  00014d0c    0000003c     osal.obj (.text:ICall_setTimerMSecs$19)
                  00014d48    0000003c     driverlib.lib : osc.obj (.text:NOROM_OSC_HPOSCRelativeFrequencyOffsetGet)
                  00014d84    0000003c                   : rfc.obj (.text:NOROM_RFCSynthPowerDown)
                  00014dc0    0000003c     nvocop.obj (.text:NVOCOP_compactNV)
                  00014dfc    0000003c     drivers_cc13x0.aem3 : PowerCC26XX.oem3 (.text:PowerCC26XX_isStableXOSC_HF)
                  00014e38    0000003c     rf_multiMode_cc13x0.aem3 : RFCC26XX_multiMode.oem3 (.text:RF_cmdGet)
                  00014e74    0000003c     dpl_cc13x0.aem3 : SwiP_tirtos.oem3 (.text:SwiP_construct)
                  00014eb0    0000003c     drivers_cc13x0.aem3 : PowerCC26XX.oem3 (.text:disableLfClkQualifiersEnableClkLoss)
                  00014eec    0000003c     maclib_secure.a : mac_rx_onoff.obj (.text:macRxDisable)
                  00014f28    0000003c                     : mac_symbol_timer.obj (.text:macSymbolTimerSetTrigger)
                  00014f64    0000003c     osal.obj (.text:osal_msg_extract)
                  00014fa0    0000003c     rom_sysbios.aem3 : rom_sysbios.obj (.text:ti_sysbios_family_arm_m3_Hwi_construct2__E)
                  00014fdc    0000003a     maclib_secure.a : fh_dh1cf.obj (.text:FHDH1CF_getChannelNum)
                  00015016    00000002     rom_sysbios.aem3 : rom_sysbios.obj (.text:ti_sysbios_knl_Clock_triggerFunc__I)
                  00015018    00000038     maclib_secure.a : fh_api.obj (.text:FHAPI_stopAsync)
                  00015050    00000038     hal_trng_wrapper.obj (.text:HalTRNG_InitTRNG)
                  00015088    00000038     macstack.obj (.text:ICall_enrollService$26)
                  000150c0    00000038     api_mac.obj (.text:ICall_sendServiceMsg$32)
                  000150f8    00000038     nvocop.obj (.text:NVOCOP_readItem)
                  00015130    00000038     drivers_cc13x0.aem3 : PINCC26XX.oem3 (.text:PIN_setOutputValue)
                  00015168    00000038     rf_multiMode_cc13x0.aem3 : RFCC26XX_multiMode.oem3 (.text:RF_checkCmdFsError)
                  000151a0    00000038                              : RFCC26XX_multiMode.oem3 (.text:RF_ieeeRequestFgCommand)
                  000151d8    00000038     board_key.obj (.text:board_key_keyFxn$5)
                  00015210    00000038     collector.obj (.text:findDevice$35)
                  00015248    00000038     maclib_secure.a : mac.obj (.text:macSetUserConfig)
                  00015280    00000038                     : mac_symbol_timer.obj (.text:macSymbolTimerCount)
                  000152b8    00000038     osal.obj (.text:osal_msg_dequeue)
                  000152f0    00000038     drivers_cc13x0.aem3 : UARTCC26XX.oem3 (.text:readData)
                  00015328    00000038     rom_sysbios.aem3 : rom_sysbios.obj (.text:ti_sysbios_family_arm_cc26xx_Timer_getCurrentTick__E)
                  00015360    00000038     drivers_cc13x0.aem3 : UARTCC26XX.oem3 (.text:writeData)
                  00015398    00000036     maclib_secure.a : fh_ie.obj (.text:FHIE_getPie)
                  000153ce    00000002     app_pem3.oem3 (.text:ti_sysbios_rom_cortexm_cc13xx_CC13xx_badRomRevision__E)
                  000153d0    00000034     drivers_cc13x0.aem3 : GPIOCC26XX.oem3 (.text:GPIO_setCallback)
                  00015404    00000034     osal.obj (.text:ICall_send$19)
                  00015438    00000034     maclib_secure.a : fh_mgr.obj (.text:ICall_setTimer$57)
                  0001546c    00000034     driverlib.lib : ddi.obj (.text:NOROM_DDI32RegWrite)
                  000154a0    00000034                   : osc.obj (.text:NOROM_OSCHF_SwitchToRcOscTurnOffXosc)
                  000154d4    00000034     drivers_cc13x0.aem3 : PINCC26XX.oem3 (.text:PIN_setConfig)
                  00015508    00000034                         : PINCC26XX.oem3 (.text:PIN_setInterrupt)
                  0001553c    00000034                         : PowerCC26XX.oem3 (.text:Power_releaseConstraint)
                  00015570    00000034     rf_multiMode_cc13x0.aem3 : RFCC26XX_multiMode.oem3 (.text:RF_powerConstraintRelease)
                  000155a4    00000034                              : RFCC26XX_multiMode.oem3 (.text:RF_runDirectImmediateCmd)
                  000155d8    00000034     nvocop.obj (.text:disableCache$29)
                  0001560c    00000034     maclib_secure.a : mac_beacon_device.obj (.text:macBeaconStopTrack)
                  00015640    00000034                     : mac_data.obj (.text:macDataRxInd)
                  00015674    00000034                     : mac_pib.obj (.text:macMRFSKGetPhyDesc)
                  000156a8    00000034                     : mac_timer.obj (.text:macTimerRecalcUnaligned)
                  000156dc    00000034                     : mac_tx.obj (.text:macTxDecrypt)
                  00015710    00000034                     : mac_tx.obj (.text:macTxUpdateIE)
                  00015744    00000034     drivers_cc13x0.aem3 : PowerCC26XX.oem3 (.text:notify)
                  00015778    00000034     osal.obj (.text:osal_msg_enqueue)
                  000157ac    00000034     csf.obj (.text:saveNumDeviceListEntries$36)
                  000157e0    00000034     rom_sysbios.aem3 : rom_sysbios.obj (.text:ti_sysbios_family_arm_cc26xx_Timer_initDevice__I)
                  00015814    00000034                      : rom_sysbios.obj (.text:ti_sysbios_knl_Swi_setPri__E)
                  00015848    00000032     maclib_secure.a : fh_ie.obj (.text:FHIE_getHie)
                  0001587a    00000032     icall_cc2650.obj (.text:ICallPlatform_pwrNotify$1)
                  000158ac    00000032     maclib_secure.a : mac_scan.obj (.text:macScanCnfInit)
                  000158de    00000032     rom_sysbios.aem3 : rom_sysbios.obj (.text:ti_sysbios_family_arm_cc26xx_Timer_setNextTick__E)
                  00015910    00000030     csf.obj (.text:Csf_setBroadcastClock)
                  00015940    00000030     csf.obj (.text:Csf_setConfigClock)
                  00015970    00000030     csf.obj (.text:Csf_setTrackingClock)
                  000159a0    00000030     maclib_secure.a : fh_api.obj (.text:FHAPI_SFDRxCb)
                  000159d0    00000030                     : fh_sm.obj (.text:FSM_transaction_debug)
                  00015a00    00000030     drivers_cc13x0.aem3 : GPIOCC26XX.oem3 (.text:GPIO_hwiIntFxn)
                  00015a30    00000030     hal_flash_wrapper.obj (.text:HalFlashRead)
                  00015a60    00000030     icall_cc2650.obj (.text:ICallPlatform_pwrRegisterNotify)
                  00015a90    00000030     driverlib.lib : crypto.obj (.text:NOROM_CRYPTOAesEcbStatus)
                  00015ac0    00000030                   : crypto.obj (.text:NOROM_CRYPTOCcmAuthEncryptStatus)
                  00015af0    00000030                   : crypto.obj (.text:NOROM_CRYPTOCcmInvAuthDecryptStatus)
                  00015b20    00000030                   : chipinfo.obj (.text:NOROM_ChipInfo_GetChipType)
                  00015b50    00000030                   : setup_rom.obj (.text:NOROM_SetupSetAonRtcSubSecInc)
                  00015b80    00000030     drivers_cc13x0.aem3 : PowerCC26XX.oem3 (.text:Power_setConstraint)
                  00015bb0    00000030     rf_multiMode_cc13x0.aem3 : RFCC26XX_multiMode.oem3 (.text:RF_queueEnd)
                  00015be0    00000030     collector.obj (.text:cllcDeviceJoiningCB$35)
                  00015c10    00000030     collector.obj (.text:cllcStateChangedCB$35)
                  00015c40    00000030     maclib_secure.a : mac_mgmt.obj (.text:macBcTimerHandler)
                  00015c70    00000030                     : mac_coord.obj (.text:macRxOrphan)
                  00015ca0    00000030                     : mac_timer.obj (.text:macTimerSetRollover)
                  00015cd0    00000030     osal.obj (.text:osal_alien2proxy)
                  00015d00    00000030     drivers_cc13x0.aem3 : UARTCC26XX.oem3 (.text:readData2RingBuf)
                  00015d30    00000030     app_pem3.oem3 (.text:ti_sysbios_BIOS_atExitFunc__I)
                  00015d60    00000030     app_pem3.oem3 (.text:ti_sysbios_BIOS_startFunc__I)
                  00015d90    0000002e     csf.obj (.text:Csf_getDeviceShort)
                  00015dbe    0000002e     icall_cc2650.obj (.text:ICallPlatform_pwrDispenseImpl$1)
                  00015dec    0000002e     icall_cc2650.obj (.text:ICallPlatform_pwrRequireImpl$1)
                  00015e1a    0000002e     drivers_cc13x0.aem3 : CryptoCC26XX.oem3 (.text:cryptoTransactionPend)
                  00015e48    0000002c     CC13X0_LAUNCHXL.obj (.text:CC1350_LAUNCHXL_rfDriverCallback$3)
                  00015e74    0000002c     maclib_secure.a : fh_ie.obj (.text:FHIE_getExcludedChannelControl)
                  00015ea0    0000002c     driverlib.lib : osc.obj (.text:NOROM_OSCClockSourceGet)
                  00015ecc    0000002c                   : rfc.obj (.text:NOROM_RFCCpePatchReset)
                  00015ef8    0000002c     drivers_cc13x0.aem3 : PINCC26XX.oem3 (.text:PINCC26XX_setMux)
                  00015f24    0000002c     rf_multiMode_cc13x0.aem3 : RFCC26XX_multiMode.oem3 (.text:RF_calculateDeltaTimeUs)
                  00015f50    0000002c                              : RFCC26XX_multiMode.oem3 (.text:RF_executeDirectImmediateCmd)
                  00015f7c    0000002c     dpl_cc13x0.aem3 : SemaphoreP_tirtos.oem3 (.text:SemaphoreP_constructBinary)
                  00015fa8    0000002c                     : SemaphoreP_tirtos.oem3 (.text:SemaphoreP_createBinary)
                  00015fd4    0000002c     uart_printf.obj (.text:UartPrintf_putch)
                  00016000    0000002c     collector.obj (.text:findDeviceStatusBit$35)
                  0001602c    0000002c     nvocop.obj (.text:findOffset$29)
                  00016058    0000002c     collector.obj (.text:getMsduHandle$35)
                  00016084    0000002c     maclib_secure.a : mac_pib.obj (.text:macPibReset)
                  000160b0    0000002c                     : mac_radio.obj (.text:macRadioSetPanCoordinator)
                  000160dc    0000002c                     : mac_symbol_timer.obj (.text:macSymbolTimerICallTimerCback$83)
                  00016108    0000002c                     : mac_tx.obj (.text:macTxRequestCsmaRtcDelay)
                  00016134    0000002c     osal.obj (.text:osal_msec_timer_cback$19)
                  00016160    0000002c     saddr.obj (.text:sAddrCmp)
                  0001618c    0000002c     rom_sysbios.aem3 : rom_sysbios.obj (.text:ti_sysbios_knl_Clock_getTicksUntilInterrupt__E)
                  000161b8    0000002b                      : rom_sysbios.obj (.text:xdc_runtime_Text_printVisFxn__I)
                  000161e3    00000001     --HOLE-- [fill = 0]
                  000161e4    0000002a                      : rom_sysbios.obj (.text:ti_sysbios_knl_Clock_getTimeout__E)
                  0001620e    0000002a                      : rom_sysbios.obj (.text:xdc_runtime_System_putchar__I)
                  00016238    00000028     drivers_cc13x0.aem3 : CryptoCC26XX.oem3 (.text:CryptoCC26XX_releaseKey)
                  00016260    00000028     maclib_secure.a : fh_mgr.obj (.text:FHMGR_macCancelFHTimer)
                  00016288    00000028                     : mac_security_pib.obj (.text:MAC_MlmeGetPointerSecurityReq)
                  000162b0    00000028     driverlib.lib : aon_batmon.obj (.text:NOROM_AONBatMonTemperatureGetDegC)
                  000162d8    00000028                   : rfc.obj (.text:NOROM_RFCDoorbellSendTo)
                  00016300    00000028     drivers_cc13x0.aem3 : PowerCC26XX.oem3 (.text:Power_registerNotify)
                  00016328    00000028     rf_multiMode_cc13x0.aem3 : RFCC26XX_multiMode.oem3 (.text:RF_getTxPower)
                  00016350    00000028     driverlib.lib : adi.obj (.text:SafeHapiVoid)
                  00016378    00000028     board_led.obj (.text:board_led_anyBlinking$7)
                  000163a0    00000028     nvocop.obj (.text:findItem$29)
                  000163c8    00000028     maclib_secure.a : mac_mgmt.obj (.text:macApiPending)
                  000163f0    00000028                     : mac_mgmt.obj (.text:macCoordAddrCmp)
                  00016418    00000028                     : mac_coord.obj (.text:macStartComplete)
                  00016440    00000028     osal_memory_icall.obj (.text:osal_mem_alloc)
                  00016468    00000028     osal_timers.obj (.text:osal_next_timeout)
                  00016490    00000026     maclib_secure.a : fh_util.obj (.text:FHUTIL_getMaxChannels)
                  000164b6    00000026                     : fh_util.obj (.text:FHUTIL_getTxUfsi)
                  000164dc    00000026                     : mac_radio.obj (.text:radioComputeED$78)
                  00016502    00000026     rom_sysbios.aem3 : rom_sysbios.obj (.text:xdc_runtime_System_vprintf__E)
                  00016528    00000024     drivers_cc13x0.aem3 : CryptoCC26XX.oem3 (.text:CryptoCC26XX_hwiIntFxn)
                  0001654c    00000024     maclib_secure.a : fh_api.obj (.text:FHAPI_getTxChHoppingFunc)
                  00016570    00000024                     : fh_pib.obj (.text:FHPIB_getLen)
                  00016594    00000024     osal_pwrmgr.obj (.text:ICall_pwrUpdActivityCounter$23)
                  000165b8    00000024     drivers_cc13x0.aem3 : List.oem3 (.text:List_remove)
                  000165dc    00000024     rf_multiMode_cc13x0.aem3 : RFCC26XX_multiMode.oem3 (.text:RF_cmdAlloc)
                  00016600    00000024                              : RFCC26XX_multiMode.oem3 (.text:RF_invokeGlobalCallback)
                  00016624    00000024     maclib_secure.a : mac_beacon.obj (.text:macBeaconReset)
                  00016648    00000024                     : mac_radio.obj (.text:macGetRadioState)
                  0001666c    00000024                     : mac_radio.obj (.text:macRadioStopScan)
                  00016690    00000024                     : mac_radio_tx.obj (.text:macRadioTxRequestTxAck)
                  000166b4    00000024                     : mac_rx_onoff.obj (.text:macRxSoftDisable)
                  000166d8    00000024     rtsv7M3_T_le_eabi.lib : memcmp.c.obj (.text:memcmp)
                  000166fc    00000024     osal.obj (.text:osal_msg_allocate)
                  00016720    00000024     collector.obj (.text:processConfigRetry$35)
                  00016744    00000024     cllc.obj (.text:startCnfCb$34)
                  00016768    00000024     app_pem3.oem3 (.text:ti_sysbios_BIOS_registerRTSLock__I)
                  0001678c    00000024     app_pem3.oem3 (.text:ti_sysbios_BIOS_removeRTSLock__I)
                  000167b0    00000024     rom_sysbios.aem3 : rom_sysbios.obj (.text:ti_sysbios_family_arm_cc26xx_Timer_getMaxTicks__E)
                  000167d4    00000022     drivers_cc13x0.aem3 : List.oem3 (.text:List_get)
                  000167f6    00000022                         : List.oem3 (.text:List_insert)
                  00016818    00000022                         : List.oem3 (.text:List_put)
                  0001683a    00000022                         : List.oem3 (.text:List_putHead)
                  0001685c    00000022     collector.obj (.text:pollIndCB$35)
                  0001687e    00000002     rom_sysbios.aem3 : rom_sysbios.obj (.text:xdc_runtime_SysCallback_defaultAbort)
                  00016880    00000020     drivers_cc13x0.aem3 : CryptoCC26XX.oem3 (.text:CryptoCC26XX_init)
                  000168a0    00000020     maclib_secure.a : fh_data.obj (.text:FHDATA_updateCCA)
                  000168c0    00000020                     : fh_util.obj (.text:FHUTIL_updateUcNumChannels)
                  000168e0    00000020     hal_flash_wrapper.obj (.text:HalFlashGetAddress)
                  00016900    00000020     osal_memory_icall.obj (.text:ICall_free$22)
                  00016920    00000020     api_mac.obj (.text:ICall_free$32)
                  00016940    00000020     osal.obj (.text:ICall_getTicks$19)
                  00016960    00000020     maclib_secure.a : fh_data.obj (.text:ICall_getTicks$56)
                  00016980    00000020                     : fh_mgr.obj (.text:ICall_getTicks$57)
                  000169a0    00000020                     : fh_util.obj (.text:ICall_getTicks$60)
                  000169c0    00000020                     : fh_api.obj (.text:ICall_getTicks$85)
                  000169e0    00000020                     : fh_nt.obj (.text:ICall_getTicks$88)
                  00016a00    00000020     osal.obj (.text:ICall_signal$19)
                  00016a20    00000020     maclib_secure.a : mac_symbol_timer.obj (.text:ICall_signal$83)
                  00016a40    00000020                     : mac_pib.obj (.text:MAC_GetPHYParamReq)
                  00016a60    00000020                     : mac_mgmt.obj (.text:MAC_StartFH)
                  00016a80    00000020     driverlib.lib : rfc.obj (.text:NOROM_RFCAdi3VcoLdoVoltageMode)
                  00016aa0    00000020     dpl_cc13x0.aem3 : PowerCC26XX_tirtos.oem3 (.text:PowerCC26XX_schedulerDisable)
                  00016ac0    00000020                     : PowerCC26XX_tirtos.oem3 (.text:PowerCC26XX_schedulerRestore)
                  00016ae0    00000020     drivers_cc13x0.aem3 : PowerCC26XX.oem3 (.text:Power_unregisterNotify)
                  00016b00    00000020     rf_multiMode_cc13x0.aem3 : RFCC26XX_multiMode.oem3 (.text:RF_clkPowerUp)
                  00016b20    00000020                              : RFCC26XX_multiMode.oem3 (.text:RF_hwiCpe0ChangePhy)
                  00016b40    00000020                              : RFCC26XX_multiMode.oem3 (.text:RF_ratIsRunning)
                  00016b60    00000020     maclib_secure.a : mac_data.obj (.text:macDataRxMemAlloc)
                  00016b80    00000020                     : mac_data.obj (.text:macDataSend)
                  00016ba0    00000020                     : mac_radio.obj (.text:macRadioSwInit)
                  00016bc0    00000020                     : mac_rx_onoff.obj (.text:macRxOff)
                  00016be0    00000020                     : mac_rx_onoff.obj (.text:macRxSoftEnable)
                  00016c00    00000020                     : mac.obj (.text:macSetCurrChan$75)
                  00016c20    00000020                     : mac_timer.obj (.text:macTimer)
                  00016c40    00000020     osal.obj (.text:osal_memcmp)
                  00016c60    00000020     osal.obj (.text:osal_msg_push)
                  00016c80    00000020     app_pem3.oem3 (.text:ti_sysbios_BIOS_rtsLock__I)
                  00016ca0    00000020     rom_sysbios.aem3 : rom_sysbios.obj (.text:ti_sysbios_family_arm_cc26xx_Timer_dynamicStub__E)
                  00016cc0    00000020                      : rom_sysbios.obj (.text:ti_sysbios_knl_Clock_stop__E)
                  00016ce0    00000020                      : rom_sysbios.obj (.text:xdc_runtime_Registry_findById__E)
                  00016d00    0000001e     drivers_cc13x0.aem3 : PINCC26XX.oem3 (.text:PIN_close)
                  00016d1e    0000001e                         : PowerCC26XX.oem3 (.text:Power_getTransitionLatency)
                  00016d3c    0000001e     rf_multiMode_cc13x0.aem3 : RFCC26XX_multiMode.oem3 (.text:RF_preemptClient)
                  00016d5a    0000001e     maclib_secure.a : mac_hl_patch.obj (.text:macPibIndex)
                  00016d78    0000001e                     : mac_scan.obj (.text:macScanFailedInProgress)
                  00016d96    0000001e                     : mac_timer.obj (.text:macTimerRemoveTimer)
                  00016db4    0000001c                     : fh_api.obj (.text:FHAPI_setStateCb)
                  00016dd0    0000001c                     : fh_pib.obj (.text:FHPIB_getIndex)
                  00016dec    0000001c     osal.obj (.text:ICall_abort$19)
                  00016e08    0000001c     osaltasks.obj (.text:ICall_abort$27)
                  00016e24    0000001c     maclib_secure.a : mac_mgmt.obj (.text:MAC_EnableFH)
                  00016e40    0000001c                     : mac_mgmt.obj (.text:MAC_MlmeFHSetReq)
                  00016e5c    0000001c     driverlib.lib : chipinfo.obj (.text:NOROM_ChipInfo_GetChipFamily)
                  00016e78    0000001c                   : flash.obj (.text:NOROM_FlashProgram)
                  00016e94    0000001c                   : flash.obj (.text:NOROM_FlashSectorErase)
                  00016eb0    0000001c     drivers_cc13x0.aem3 : PINCC26XX.oem3 (.text:PINCC26XX_setIoCfgMux)
                  00016ecc    0000001c                         : PINCC26XX.oem3 (.text:PIN_hwi)
                  00016ee8    0000001c     rf_multiMode_cc13x0.aem3 : RFCC26XX_multiMode.oem3 (.text:RF_clkInactivity)
                  00016f04    0000001c                              : RFCC26XX_multiMode.oem3 (.text:RF_getRssi)
                  00016f20    0000001c                              : RFCC26XX_multiMode.oem3 (.text:RF_powerConstraintSet)
                  00016f3c    0000001c     cllc.obj (.text:dataIndCb$34)
                  00016f58    0000001c     nvocop.obj (.text:enableCache$29)
                  00016f74    0000001c     cllc.obj (.text:findDevice$34)
                  00016f90    0000001c     maclib_secure.a : mac_mgmt.obj (.text:macConflictSyncLossInd)
                  00016fac    0000001c                     : mac_mcu.obj (.text:macMcuTimerCapture)
                  00016fc8    0000001c                     : mac_radio.obj (.text:macRadioSetRE)
                  00016fe4    0000001c                     : mac_rx.obj (.text:macRxAckTxDoneCallback)
                  00017000    0000001c                     : mac_symbol_timer.obj (.text:macSymbolTimerSetTriggerRollover)
[...]
200001ec  ti_sysbios_family_arm_cc26xx_TimestampProvider_Module__state__V           
200001f0  xdc_runtime_Startup_Module__state__V                                      
200001f8  xdc_runtime_System_Module__state__V                                       
20000200  xdc_runtime_Memory_Module__state__V                                       
2000020c  Collector_events                                                          
20000220  string                                                                    
20000230  Collector_statistics                                                      
2000026c  Collector_macCallbacks                                                    
200002b4  receivedPackdge                                                           
20000380  lastSentNum                                                               
2000084c  macTaskId                                                                 
2000084d  macMgmt                                                                   
2000084e  macPanCoordinator                                                         
2000084f  csmPhy                                                                    
20000850  pMacDataTx                                                                
20000854  macDataTxIndirect                                                         
20000858  macDataRequeueIndirect                                                    
2000085c  macDataRxBeaconCritical                                                   
20000860  macDataTxBeaconComplete                                                   
20000864  macDataSetSched                                                           
20000868  macDataCheckSched                                                         
2000086c  macDataCheckTxTime                                                        
20000870  macDataBeaconRequeue                                                      
20000874  timerUnalignedQ                                                           
20000878  timerAlignedQ                                                             
2000087c  macTimerRollover                                                          
20000880  macTimerNewRollover                                                       
20000884  macTimerActive                                                            
20000888  Crypto_handle                                                             
2000088c  macCryptoDrvTblPtr                                                        
20000890  macCoordAction1                                                           
20000898  macMain                                                                   
200008a4  macBeaconDeviceAction                                                     
200008b4  macCoordAction3                                                           
200008c4  macData                                                                   
200008d4  macDataTxDelay                                                            
200008e4  macDeviceAction2                                                          
200008f8  macStateTbl                                                               
2000090c  macMgmtAction2                                                            
20000920  macScanAction                                                             
20000938  macCoordAction2                                                           
20000954  macReset                                                                  
20000970  macBeaconMargin                                                           
20000990  macBeacon                                                                 
200009b0  macActionSet                                                              
200009d4  macMgmtAction1                                                            
200009fc  macCoord                                                                  
20000a28  macDevice                                                                 
20000a54  macBeaconDevice                                                           
20000a88  macBeaconPayload                                                          
20000abc  macDeviceAction1                                                          
20000af4  macSecurityPib                                                            
20000b34  macScan                                                                   
20000b88  fhObject                                                                  
20000bf4  macPib                                                                    
20000c7c  macMRFSKGenPhyTable                                                       
20000d1c  enhancedAckBuf                                                            
20000e18  Main_assertReason                                                         
20000e1c  time                                                                      
20000e20  uart                                                                      
20000e24  uartParams                                                                
20000e48  macUser0Cfg                                                               
20000e78  myTask                                                                    
20000ec8  Main_user1Cfg                                                             
20000f24  myTaskStack                                                               
200012e8  hUart                                                                     
200016f0  Cllc_events                                                               
20001730  Cllc_statistics                                                           
2000178c  Cllc_associatedDevList                                                    
200019e4  macAddrSize                                                               
200019e8  FHNT_Dbg                                                                  
200019f0  FH_txTiming                                                               
200019f8  FHNT_tempTable                                                            
20001a00  FH_FSM                                                                    
20001a0c  FHNT_hnd                                                                  
20001a44  FHFSM_Dbg                                                                 
20001a88  FHIE_channelPlan                                                          
20001adc  FHNT_tableOpt                                                             
20001b58  FH_hnd                                                                    
20001be0  FHPIB_db                                                                  
20001c6c  pinUpperBound                                                             
20001c70  pinLowerBound                                                             
20001d04  pinHandleTable                                                            
20001d80  PowerCC26XX_module                                                        
20001e96  Csf_keys                                                                  
20001e97  savedCllcState                                                            
20001e98  Csf_events                                                                
20001f98  RF_cmdNop                                                                 
20001fa8  RF_cmdFs                                                                  
20001fc0  RF_cmdPropCs                                                              
20001fdc  RF_cmdPropCsSlotted                                                       
20001ff8  RF_cmdPropTxAdv                                                           
20002018  RF_cmdPropRadioDivSetup                                                   
20002040  RF_cmdPropRxAdv                                                           
20002074  ICall_enterCriticalSection                                                
20002078  ICall_leaveCriticalSection                                                
20002090  HEAPMGR_SIZE                                                              
20002094  ICall_dispatcher                                                          
2000215c  macTxSlottedDelay                                                         
2000215d  macUnitBackoffPeriod                                                      
2000215e  rxFhRsl                                                                   
2000215f  macPhyChannel                                                             
20002160  macReqAccessTimeCnt                                                       
20002161  reqAccessAlloc                                                            
20002164  rxCmdHandle                                                               
20002166  fsCmdHandle                                                               
2000216c  lastPostCmd                                                               
20002170  macSfdDetectCback                                                         
20002178  macTxTimestamp                                                            
2000217c  pMacRadioConfig                                                           
20002180  macRfDrvTblPtr                                                            
20002184  pRfPropTable                                                              
20002188  pRfPropTableOld                                                           
2000218c  pMacRfAntSwitchSel                                                        
20002190  pMacRfAntPwrSel                                                           
200021a0  macRxOutputSubG                                                           
200021ac  macFrmFilter                                                              
20002214  ti_sysbios_knl_Task_Object__table__V                                      
200022a8  ti_sysbios_family_arm_cc26xx_Timer_Object__table__V                       
20002334  ti_sysbios_gates_GateMutex_Object__table__V                               
20002374  RF_handle                                                                 
20002378  macPhyTxPower                                                             
20002384  RF_params                                                                 
200023a1  osal_entity                                                               
200023a8  osal_qHead                                                                
200023ac  osal_eventloop_hook                                                       
200023b0  osal_icallMsg_hook                                                        
200023b4  osal_semaphore                                                            
200023b8  osal_last_timestamp                                                       
200023bc  osal_tickperiod                                                           
200023c0  osal_max_msecs                                                            
200023d0  txCmdHandle                                                               
200023d4  pMacEnhancedAck                                                           
200023d8  macRadioAckFrame                                                          
200023e0  macAckTimer                                                               
20002400  ti_sysbios_knl_Swi_Module_State_0_readyQ__A                               
20002430  ti_sysbios_knl_Swi_Object__table__V                                       
20002460  ti_sysbios_knl_Task_Module_State_0_readyQ__A                              
20002490  gpioPinConfigs                                                            
200024bc  macTxSlottedDelayFactor                                                   
200024bd  macTxType                                                                 
200024be  macTxBe                                                                   
200024bf  txAckReq                                                                  
200024c4  macTxCsmaBackoffDelay                                                     
200024c8  macCsmaRtcTimerId                                                         
200024cc  macAckDbg                                                                 
20002500  ti_sysbios_knl_Clock_Object__table__V                                     
20002520  xdc_runtime_Error_IgnoreBlock                                             
2000255c  macSpecUsecsPerSymbol                                                     
20002560  macPrevPeriodRatCount                                                     
20002564  macSymbolTimerRollover                                                    
20002568  macSymbolTimerTrigger                                                     
20002574  ti_sysbios_family_arm_m3_Hwi_Object__table__V                             
2000258c  ti_sysbios_heaps_HeapMem_Object__table__V                                 
200025a4  ApiMac_appEntity                                                          
200025b0  ApiMac_extAddr                                                            
200025b8  gpioCallbackFunctions                                                     
200025c8  macCfg                                                                    
200025d8  lastRatChanA                                                              
200025d9  lastRatChanB                                                              
200025da  macRxCmdActive                                                            
200025db  macTxCmdActive                                                            
200025dc  macFsCmdActive                                                            
200025de  macReqAccessCnt                                                           
200025e0  macReqAccErrCnt                                                           
200025e2  numRfCmd                                                                  
200025e3  numRxCmd                                                                  
200025e4  numRxPostCmd                                                              
200025e5  bInSwi                                                                    
200025e6  macRadioYielded                                                           
200025e8  AppTaskId                                                                 
200025ec  pMacCbackQueryRetransmit                                                  
200025f0  pMacCbackCheckPending                                                     
200025f4  RFCC26XX_hwAttrs                                                          
20002604  OSAL_timeSeconds                                                          
2000260c  sector_addr                                                               
20002618  _lock                                                                     
2000261c  _unlock                                                                   
20002620  pOverridesTable                                                           
20002628  ti_sysbios_family_arm_m3_Hwi_Module__root__V                              
20002630  ti_sysbios_gates_GateHwi_Module__root__V                                  
20002638  ti_sysbios_gates_GateMutex_Module__root__V                                
20002640  ti_sysbios_hal_Hwi_Module__root__V                                        
20002648  ti_sysbios_heaps_HeapMem_Module__root__V                                  
20002650  ti_sysbios_knl_Clock_Module__root__V                                      
20002658  ti_sysbios_knl_Mailbox_Module__root__V                                    
20002660  ti_sysbios_knl_Queue_Module__root__V                                      
20002668  ti_sysbios_knl_Semaphore_Module__root__V                                  
20002670  ti_sysbios_knl_Swi_Module__root__V                                        
20002678  ti_sysbios_knl_Task_Module__root__V                                       
20002680  xdc_runtime_Registry_Module__state__V                                     
20002688  pwrmgr_initialized                                                        
2000268a  pwrmgr_attribute                                                          
20002690  main_func_sp                                                              
20002694  ti_sysbios_family_arm_m3_Hwi_Module_State_0_excContext__A                 
20002698  ti_sysbios_family_arm_m3_Hwi_Module_State_0_excStack__A                   
2000269c  ti_sysbios_knl_Task_Module_State_0_idleTask__A                            
200026a0  ti_sysbios_family_arm_m3_Hwi_Module_State_0_excActive__A                  
200026a8  ti_sysbios_heaps_HeapMem_Instance_State_0_buf__A                          
200030e0  ti_sysbios_knl_Task_Instance_State_0_stack__A                             
200032e0  uartCC26XXObjects                                                         
200034d0  ti_sysbios_family_arm_m3_Hwi_dispatchTable                                
20003598  cryptoCC26XXObjects                                                       
20003618  macRxFilter                                                               
20003619  rxPromiscuousMode                                                         
20003624  macRxDataEntryOffset                                                      
2000362c  rxRadioBufferPtr                                                          
20003638  macRxDataEntryQueue                                                       
20003668  uartCC26XXRingBuffer                                                      
200036c0  PowerCC26XX_taskKey                                                       
200036c4  PowerCC26XX_swiKey                                                        
200036c8  timerHead                                                                 
200036dc  ClockP_tickPeriod                                                         
200036e0  macTasksEvents                                                            
200036e9  driverlib_release_0_51995                                                 
200036ea  macPwr                                                                    
200036eb  macRxActive                                                               
200036ec  macRxEnableFlags                                                          
200036ed  macRxOutgoingAckFlag                                                      
200036ee  macSymbolTimerImpending                                                   
200036ef  macTxActive                                                               
200036f0  heapStart                                                                 
20004b00  __stack                                                                   
20004b00  heapEnd                                                                   
20005000  __STACK_END                                                               
20005000  __STACK_TOP                                                               
e000e000  ti_sysbios_family_arm_m3_Hwi_nvic                                         
ffffffff  __TI_pprof_out_hndl                                                       
ffffffff  __TI_prof_data_size                                                       
ffffffff  __TI_prof_data_start                                                      
ffffffff  __binit__                                                                 
ffffffff  __c_args__                                                                
ffffffff  binit                                                                     
UNDEFED   SHT$$INIT_ARRAY$$Base                                                     
UNDEFED   SHT$$INIT_ARRAY$$Limit                                                    

[1468 symbols]
